Archive member included because of file (symbol)

C:/Program Files (x86)/Microchip/MPLAB C32 Suite/bin/../lib/gcc/pic32mx/3.4.4/../../../../pic32mx/lib\libc.a(memcpy.o)
                              ..\..\..\..\..\Documents\pic32_work\mouse\Intermediary\usb_host_hid_parser.o (memcpy)
C:/Program Files (x86)/Microchip/MPLAB C32 Suite/bin/../lib/gcc/pic32mx/3.4.4/../../../../pic32mx/lib\libc.a(general-exception.o)
                              C:/Program Files (x86)/Microchip/MPLAB C32 Suite/bin/../lib/gcc/pic32mx/3.4.4/../../../../pic32mx/lib/crt0.o (_general_exception_context)
C:/Program Files (x86)/Microchip/MPLAB C32 Suite/bin/../lib/gcc/pic32mx/3.4.4/../../../../pic32mx/lib\libc.a(exit.o)
                              C:/Program Files (x86)/Microchip/MPLAB C32 Suite/bin/../lib/gcc/pic32mx/3.4.4/../../../../pic32mx/lib/crt0.o (exit)
C:/Program Files (x86)/Microchip/MPLAB C32 Suite/bin/../lib/gcc/pic32mx/3.4.4/../../../../pic32mx/lib\libc.a(malloc.o)
                              ..\..\..\..\..\Documents\pic32_work\mouse\Intermediary\usb_host_hid.o (free)
C:/Program Files (x86)/Microchip/MPLAB C32 Suite/bin/../lib/gcc/pic32mx/3.4.4/../../../../pic32mx/lib\libc.a(errno.o)
                              C:/Program Files (x86)/Microchip/MPLAB C32 Suite/bin/../lib/gcc/pic32mx/3.4.4/../../../../pic32mx/lib\libc.a(malloc.o) (errno)
C:/Program Files (x86)/Microchip/MPLAB C32 Suite/bin/../lib/gcc/pic32mx/3.4.4/../../../../pic32mx/lib\libc.a(sbrk.o)
                              C:/Program Files (x86)/Microchip/MPLAB C32 Suite/bin/../lib/gcc/pic32mx/3.4.4/../../../../pic32mx/lib\libc.a(malloc.o) (getpagesize)
C:/Program Files (x86)/Microchip/MPLAB C32 Suite/bin/../lib/gcc/pic32mx/3.4.4/../../../../pic32mx/lib\libc.a(default-bootstrap-exception-handler.o)
                              C:/Program Files (x86)/Microchip/MPLAB C32 Suite/bin/../lib/gcc/pic32mx/3.4.4/../../../../pic32mx/lib/crt0.o (_bootstrap_exception_handler)
C:/Program Files (x86)/Microchip/MPLAB C32 Suite/bin/../lib/gcc/pic32mx/3.4.4/../../../../pic32mx/lib\libc.a(default-on-reset.o)
                              C:/Program Files (x86)/Microchip/MPLAB C32 Suite/bin/../lib/gcc/pic32mx/3.4.4/../../../../pic32mx/lib/crt0.o (_on_reset)
C:/Program Files (x86)/Microchip/MPLAB C32 Suite/bin/../lib/gcc/pic32mx/3.4.4/../../../../pic32mx/lib\libc.a(default-on-bootstrap.o)
                              C:/Program Files (x86)/Microchip/MPLAB C32 Suite/bin/../lib/gcc/pic32mx/3.4.4/../../../../pic32mx/lib/crt0.o (_on_bootstrap)
C:/Program Files (x86)/Microchip/MPLAB C32 Suite/bin/../lib/gcc/pic32mx/3.4.4/../../../../pic32mx/lib\libc.a(default-nmi-handler.o)
                              C:/Program Files (x86)/Microchip/MPLAB C32 Suite/bin/../lib/gcc/pic32mx/3.4.4/../../../../pic32mx/lib/crt0.o (_nmi_handler)
C:/Program Files (x86)/Microchip/MPLAB C32 Suite/bin/../lib/gcc/pic32mx/3.4.4/../../../../pic32mx/lib\libc.a(_exit.o)
                              C:/Program Files (x86)/Microchip/MPLAB C32 Suite/bin/../lib/gcc/pic32mx/3.4.4/../../../../pic32mx/lib\libc.a(exit.o) (_exit)
C:/Program Files (x86)/Microchip/MPLAB C32 Suite/bin/../lib/gcc/pic32mx/3.4.4/../../../../pic32mx/lib\libc.a(memset.o)
                              C:/Program Files (x86)/Microchip/MPLAB C32 Suite/bin/../lib/gcc/pic32mx/3.4.4/../../../../pic32mx/lib\libc.a(sbrk.o) (memset)
C:/Program Files (x86)/Microchip/MPLAB C32 Suite/bin/../lib/gcc/pic32mx/3.4.4/../../../../pic32mx/lib\libc.a(stubs.o)
                              C:/Program Files (x86)/Microchip/MPLAB C32 Suite/bin/../lib/gcc/pic32mx/3.4.4/../../../../pic32mx/lib\libc.a(sbrk.o) (pthread_mutex_lock)
C:/Program Files (x86)/Microchip/MPLAB C32 Suite/bin/../lib/gcc/pic32mx/3.4.4/../../../../pic32mx/lib\libmchp_peripheral_32MX440F128H.a(soft_reset_lib.o)
                              ..\..\..\..\..\Documents\pic32_work\mouse\Intermediary\exceptions.o (SoftReset)
C:/Program Files (x86)/Microchip/MPLAB C32 Suite/bin/../lib/gcc/pic32mx/3.4.4/../../../../pic32mx/lib\libmchp_peripheral_32MX440F128H.a(pcache.o)
                              ..\..\..\..\..\Documents\pic32_work\mouse\Intermediary\cmi_mouse.o (CheKseg0CacheOn)
C:/Program Files (x86)/Microchip/MPLAB C32 Suite/bin/../lib/gcc/pic32mx/3.4.4/../../../../pic32mx/lib\libmchp_peripheral_32MX440F128H.a(int_configure_system_lib.o)
                              ..\..\..\..\..\Documents\pic32_work\mouse\Intermediary\cmi_mouse.o (INTConfigureSystem)
C:/Program Files (x86)/Microchip/MPLAB C32 Suite/bin/../lib/gcc/pic32mx/3.4.4/../../../../pic32mx/lib\libmchp_peripheral_32MX440F128H.a(int_enable_interrupts_lib.o)
                              ..\..\..\..\..\Documents\pic32_work\mouse\Intermediary\cmi_mouse.o (INTEnableInterrupts)
C:/Program Files (x86)/Microchip/MPLAB C32 Suite/bin/../lib/gcc/pic32mx/3.4.4/../../../../pic32mx/lib\libmchp_peripheral_32MX440F128H.a(int_disable_interrupts_lib.o)
[...]
Memory Configuration

Name             Origin             Length             Attributes
kseg0_program_mem 0x9d00f000         0x00011000         xr
kseg0_boot_mem   0x9d00d000         0x00001000
exception_mem    0x9d00e000         0x00001000
kseg1_boot_mem   0xbfc00000         0x00000490
debug_exec_mem   0xbfc02000         0x00000ff0
config3          0xbfc02ff0         0x00000004
config2          0xbfc02ff4         0x00000004
config1          0xbfc02ff8         0x00000004
config0          0xbfc02ffc         0x00000004
kseg1_data_mem   0xa0000000         0x00008000         w !x
sfrs             0xbf800000         0x00100000
configsfrs       0xbfc02ff0         0x00000010
*default*        0x00000000         0xffffffff

Linker script and memory map

LOAD C:/Program Files (x86)/Microchip/MPLAB C32 Suite/bin/../lib/gcc/pic32mx/3.4.4/../../../../pic32mx/lib/crt0.o
LOAD ..\..\..\..\..\Documents\pic32_work\mouse\Intermediary\uart_lib.o
LOAD ..\..\..\..\..\Documents\pic32_work\mouse\Intermediary\cmi_mouse.o
LOAD ..\..\..\..\..\Documents\pic32_work\mouse\Intermediary\usb_config.o
LOAD ..\..\..\..\..\Documents\pic32_work\mouse\Intermediary\usb_host_hid.o
LOAD ..\..\..\..\..\Documents\pic32_work\mouse\Intermediary\usb_host_hid_parser.o
LOAD ..\..\..\..\..\Documents\pic32_work\mouse\Intermediary\usb_host.o
LOAD ..\..\..\..\..\Documents\pic32_work\mouse\Intermediary\exceptions.o
                0x00000400                PROVIDE (_min_stack_size, 0x400)
                0x00000000                PROVIDE (_min_heap_size, 0x0)
LOAD C:/Program Files (x86)/Microchip/MPLAB C32 Suite/bin/../lib/gcc/pic32mx/3.4.4/../../../../pic32mx/lib/./proc/32MX440F128H\processor.o
                0x00000001                PROVIDE (_vector_spacing, 0x1)
                0x9d00e000                _ebase_address = 0x9d00e000
                0xbfc00000                _RESET_ADDR = 0xbfc00000
                0xbfc00380                _BEV_EXCPT_ADDR = 0xbfc00380
                0xbfc00480                _DBG_EXCPT_ADDR = 0xbfc00480
                0xbfc02000                _DBG_CODE_ADDR = 0xbfc02000
                0x9d00e180                _GEN_EXCPT_ADDR = (_ebase_address + 0x180)

.config_BFC02FF0
 *(.config_BFC02FF0)

.config_BFC02FF4
                0xbfc02ff4        0x4
 *(.config_BFC02FF4)
 .config_BFC02FF4
                0xbfc02ff4        0x4 ..\..\..\..\..\Documents\pic32_work\mouse\Intermediary\cmi_mouse.o

.config_BFC02FF8
                0xbfc02ff8        0x4
 *(.config_BFC02FF8)
 .config_BFC02FF8
                0xbfc02ff8        0x4 ..\..\..\..\..\Documents\pic32_work\mouse\Intermediary\cmi_mouse.o

.config_BFC02FFC
                0xbfc02ffc        0x4
 *(.config_BFC02FFC)
 .config_BFC02FFC
                0xbfc02ffc        0x4 ..\..\..\..\..\Documents\pic32_work\mouse\Intermediary\cmi_mouse.o

.reset          0xbfc00000       0x10
 *(.reset)
 .reset         0xbfc00000       0x10 C:/Program Files (x86)/Microchip/MPLAB C32 Suite/bin/../lib/gcc/pic32mx/3.4.4/../../../../pic32mx/lib/crt0.o
                0xbfc00000                _reset

.bev_excpt      0xbfc00380       0x10
 *(.bev_handler)
 .bev_handler   0xbfc00380       0x10 C:/Program Files (x86)/Microchip/MPLAB C32 Suite/bin/../lib/gcc/pic32mx/3.4.4/../../../../pic32mx/lib/crt0.o

.dbg_excpt      0xbfc00480        0x0
                0xbfc00480                . = (. + DEFINED (_DEBUGGER)?0x8:0x0)

.dbg_code       0xbfc02000        0x0
                0xbfc02000                . = (. + DEFINED (_DEBUGGER)?0xff0:0x0)

.app_excpt      0x9d00e180       0x10
 *(.gen_handler)
 .gen_handler   0x9d00e180       0x10 C:/Program Files (x86)/Microchip/MPLAB C32 Suite/bin/../lib/gcc/pic32mx/3.4.4/../../../../pic32mx/lib/crt0.o

.vector_0       0x9d00e200        0x0
 *(.vector_0)
                0x00000001                ASSERT (((_vector_spacing == 0x0) || (SIZEOF (.vector_0) <= (_vector_spacing << 0x5))), function at exception vector 0 too large)

.vector_1       0x9d00e220        0x0
 *(.vector_1)
                0x00000001                ASSERT (((_vector_spacing == 0x0) || (SIZEOF (.vector_1) <= (_vector_spacing << 0x5))), function at exception vector 1 too large)

.vector_2       0x9d00e240        0x0
 *(.vector_2)
                0x00000001                ASSERT (((_vector_spacing == 0x0) || (SIZEOF (.vector_2) <= (_vector_spacing << 0x5))), function at exception vector 2 too large)

.vector_3       0x9d00e260        0x8
 *(.vector_3)
 .vector_3      0x9d00e260        0x8 ..\..\..\..\..\Documents\pic32_work\mouse\Intermediary\cmi_mouse.o
                0x00000001                ASSERT (((_vector_spacing == 0x0) || (SIZEOF (.vector_3) <= (_vector_spacing << 0x5))), function at exception vector 3 too large)

.vector_4       0x9d00e280        0x0
 *(.vector_4)
                0x00000001                ASSERT (((_vector_spacing == 0x0) || (SIZEOF (.vector_4) <= (_vector_spacing << 0x5))), function at exception vector 4 too large)

.vector_5       0x9d00e2a0        0x0
 *(.vector_5)
                0x00000001                ASSERT (((_vector_spacing == 0x0) || (SIZEOF (.vector_5) <= (_vector_spacing << 0x5))), function at exception vector 5 too large)

.vector_6       0x9d00e2c0        0x0
 *(.vector_6)
                0x00000001                ASSERT (((_vector_spacing == 0x0) || (SIZEOF (.vector_6) <= (_vector_spacing << 0x5))), function at exception vector 6 too large)

.vector_7       0x9d00e2e0        0x0
 *(.vector_7)
                0x00000001                ASSERT (((_vector_spacing == 0x0) || (SIZEOF (.vector_7) <= (_vector_spacing << 0x5))), function at exception vector 7 too large)

.vector_8       0x9d00e300        0x0
 *(.vector_8)
                0x00000001                ASSERT (((_vector_spacing == 0x0) || (SIZEOF (.vector_8) <= (_vector_spacing << 0x5))), function at exception vector 8 too large)

.vector_9       0x9d00e320        0x8
 *(.vector_9)
 .vector_9      0x9d00e320        0x8 ..\..\..\..\..\Documents\pic32_work\mouse\Intermediary\cmi_mouse.o
                0x00000001                ASSERT (((_vector_spacing == 0x0) || (SIZEOF (.vector_9) <= (_vector_spacing << 0x5))), function at exception vector 9 too large)

.vector_10      0x9d00e340        0x0
 *(.vector_10)
                0x00000001                ASSERT (((_vector_spacing == 0x0) || (SIZEOF (.vector_10) <= (_vector_spacing << 0x5))), function at exception vector 10 too large)

.vector_11      0x9d00e360        0x0
 *(.vector_11)
                0x00000001                ASSERT (((_vector_spacing == 0x0) || (SIZEOF (.vector_11) <= (_vector_spacing << 0x5))), function at exception vector 11 too large)

.vector_12      0x9d00e380        0x0
 *(.vector_12)
                0x00000001                ASSERT (((_vector_spacing == 0x0) || (SIZEOF (.vector_12) <= (_vector_spacing << 0x5))), function at exception vector 12 too large)

.vector_13      0x9d00e3a0        0x8
 *(.vector_13)
 .vector_13     0x9d00e3a0        0x8 ..\..\..\..\..\Documents\pic32_work\mouse\Intermediary\cmi_mouse.o
                0x00000001                ASSERT (((_vector_spacing == 0x0) || (SIZEOF (.vector_13) <= (_vector_spacing << 0x5))), function at exception vector 13 too large)

.vector_14      0x9d00e3c0        0x0
 *(.vector_14)
                0x00000001                ASSERT (((_vector_spacing == 0x0) || (SIZEOF (.vector_14) <= (_vector_spacing << 0x5))), function at exception vector 14 too large)

.vector_15      0x9d00e3e0        0x0
 *(.vector_15)
                0x00000001                ASSERT (((_vector_spacing == 0x0) || (SIZEOF (.vector_15) <= (_vector_spacing << 0x5))), function at exception vector 15 too large)

.vector_16      0x9d00e400        0x0
 *(.vector_16)
                0x00000001                ASSERT (((_vector_spacing == 0x0) || (SIZEOF (.vector_16) <= (_vector_spacing << 0x5))), function at exception vector 16 too large)

.vector_17      0x9d00e420        0x0
 *(.vector_17)
                0x00000001                ASSERT (((_vector_spacing == 0x0) || (SIZEOF (.vector_17) <= (_vector_spacing << 0x5))), function at exception vector 17 too large)

.vector_18      0x9d00e440        0x0
 *(.vector_18)
                0x00000001                ASSERT (((_vector_spacing == 0x0) || (SIZEOF (.vector_18) <= (_vector_spacing << 0x5))), function at exception vector 18 too large)

.vector_19      0x9d00e460        0x0
 *(.vector_19)
                0x00000001                ASSERT (((_vector_spacing == 0x0) || (SIZEOF (.vector_19) <= (_vector_spacing << 0x5))), function at exception vector 19 too large)

.vector_20      0x9d00e480        0x0
 *(.vector_20)
                0x00000001                ASSERT (((_vector_spacing == 0x0) || (SIZEOF (.vector_20) <= (_vector_spacing << 0x5))), function at exception vector 20 too large)

.vector_21      0x9d00e4a0        0x0
 *(.vector_21)
                0x00000001                ASSERT (((_vector_spacing == 0x0) || (SIZEOF (.vector_21) <= (_vector_spacing << 0x5))), function at exception vector 21 too large)

.vector_22      0x9d00e4c0        0x0
 *(.vector_22)
                0x00000001                ASSERT (((_vector_spacing == 0x0) || (SIZEOF (.vector_22) <= (_vector_spacing << 0x5))), function at exception vector 22 too large)

.vector_23      0x9d00e4e0        0x0
 *(.vector_23)
                0x00000001                ASSERT (((_vector_spacing == 0x0) || (SIZEOF (.vector_23) <= (_vector_spacing << 0x5))), function at exception vector 23 too large)

.vector_24      0x9d00e500        0x0
 *(.vector_24)
                0x00000001                ASSERT (((_vector_spacing == 0x0) || (SIZEOF (.vector_24) <= (_vector_spacing << 0x5))), function at exception vector 24 too large)

.vector_25      0x9d00e520        0x0
 *(.vector_25)
                0x00000001                ASSERT (((_vector_spacing == 0x0) || (SIZEOF (.vector_25) <= (_vector_spacing << 0x5))), function at exception vector 25 too large)

.vector_26      0x9d00e540        0x0
 *(.vector_26)
                0x00000001                ASSERT (((_vector_spacing == 0x0) || (SIZEOF (.vector_26) <= (_vector_spacing << 0x5))), function at exception vector 26 too large)

.vector_27      0x9d00e560        0x0
 *(.vector_27)
                0x00000001                ASSERT (((_vector_spacing == 0x0) || (SIZEOF (.vector_27) <= (_vector_spacing << 0x5))), function at exception vector 27 too large)

.vector_28      0x9d00e580        0x0
 *(.vector_28)
                0x00000001                ASSERT (((_vector_spacing == 0x0) || (SIZEOF (.vector_28) <= (_vector_spacing << 0x5))), function at exception vector 28 too large)

.vector_29      0x9d00e5a0        0x0
 *(.vector_29)
                0x00000001                ASSERT (((_vector_spacing == 0x0) || (SIZEOF (.vector_29) <= (_vector_spacing << 0x5))), function at exception vector 29 too large)

.vector_30      0x9d00e5c0        0x0
 *(.vector_30)
                0x00000001                ASSERT (((_vector_spacing == 0x0) || (SIZEOF (.vector_30) <= (_vector_spacing << 0x5))), function at exception vector 30 too large)

.vector_31      0x9d00e5e0        0x0
 *(.vector_31)
                0x00000001                ASSERT (((_vector_spacing == 0x0) || (SIZEOF (.vector_31) <= (_vector_spacing << 0x5))), function at exception vector 31 too large)

.vector_32      0x9d00e600        0x0
 *(.vector_32)
                0x00000001                ASSERT (((_vector_spacing == 0x0) || (SIZEOF (.vector_32) <= (_vector_spacing << 0x5))), function at exception vector 32 too large)

.vector_33      0x9d00e620        0x0
 *(.vector_33)
                0x00000001                ASSERT (((_vector_spacing == 0x0) || (SIZEOF (.vector_33) <= (_vector_spacing << 0x5))), function at exception vector 33 too large)

.vector_34      0x9d00e640        0x0
 *(.vector_34)
                0x00000001                ASSERT (((_vector_spacing == 0x0) || (SIZEOF (.vector_34) <= (_vector_spacing << 0x5))), function at exception vector 34 too large)

.vector_35      0x9d00e660        0x0
 *(.vector_35)
                0x00000001                ASSERT (((_vector_spacing == 0x0) || (SIZEOF (.vector_35) <= (_vector_spacing << 0x5))), function at exception vector 35 too large)

.vector_36      0x9d00e680        0x0
 *(.vector_36)
                0x00000001                ASSERT (((_vector_spacing == 0x0) || (SIZEOF (.vector_36) <= (_vector_spacing << 0x5))), function at exception vector 36 too large)

.vector_37      0x9d00e6a0        0x0
 *(.vector_37)
                0x00000001                ASSERT (((_vector_spacing == 0x0) || (SIZEOF (.vector_37) <= (_vector_spacing << 0x5))), function at exception vector 37 too large)

.vector_38      0x9d00e6c0        0x0
 *(.vector_38)
                0x00000001                ASSERT (((_vector_spacing == 0x0) || (SIZEOF (.vector_38) <= (_vector_spacing << 0x5))), function at exception vector 38 too large)

.vector_39      0x9d00e6e0        0x0
 *(.vector_39)
                0x00000001                ASSERT (((_vector_spacing == 0x0) || (SIZEOF (.vector_39) <= (_vector_spacing << 0x5))), function at exception vector 39 too large)

.vector_40      0x9d00e700        0x0
 *(.vector_40)
                0x00000001                ASSERT (((_vector_spacing == 0x0) || (SIZEOF (.vector_40) <= (_vector_spacing << 0x5))), function at exception vector 40 too large)

.vector_41      0x9d00e720        0x0
 *(.vector_41)
                0x00000001                ASSERT (((_vector_spacing == 0x0) || (SIZEOF (.vector_41) <= (_vector_spacing << 0x5))), function at exception vector 41 too large)

.vector_42      0x9d00e740        0x0
 *(.vector_42)
                0x00000001                ASSERT (((_vector_spacing == 0x0) || (SIZEOF (.vector_42) <= (_vector_spacing << 0x5))), function at exception vector 42 too large)

.vector_43      0x9d00e760        0x0
 *(.vector_43)
                0x00000001                ASSERT (((_vector_spacing == 0x0) || (SIZEOF (.vector_43) <= (_vector_spacing << 0x5))), function at exception vector 43 too large)

.vector_44      0x9d00e780        0x0
 *(.vector_44)
                0x00000001                ASSERT (((_vector_spacing == 0x0) || (SIZEOF (.vector_44) <= (_vector_spacing << 0x5))), function at exception vector 44 too large)

.vector_45      0x9d00e7a0        0x8
 *(.vector_45)
 .vector_45     0x9d00e7a0        0x8 ..\..\..\..\..\Documents\pic32_work\mouse\Intermediary\usb_host.o
                0x00000001                ASSERT (((_vector_spacing == 0x0) || (SIZEOF (.vector_45) <= (_vector_spacing << 0x5))), function at exception vector 45 too large)

.vector_46      0x9d00e7c0        0x0
 *(.vector_46)
                0x00000001                ASSERT (((_vector_spacing == 0x0) || (SIZEOF (.vector_46) <= (_vector_spacing << 0x5))), function at exception vector 46 too large)

.vector_47      0x9d00e7e0        0x0
 *(.vector_47)
                0x00000001                ASSERT (((_vector_spacing == 0x0) || (SIZEOF (.vector_47) <= (_vector_spacing << 0x5))), function at exception vector 47 too large)

.vector_48      0x9d00e800        0x0
 *(.vector_48)
                0x00000001                ASSERT (((_vector_spacing == 0x0) || (SIZEOF (.vector_48) <= (_vector_spacing << 0x5))), function at exception vector 48 too large)

.vector_49      0x9d00e820        0x0
 *(.vector_49)
                0x00000001                ASSERT (((_vector_spacing == 0x0) || (SIZEOF (.vector_49) <= (_vector_spacing << 0x5))), function at exception vector 49 too large)

.vector_50      0x9d00e840        0x0
 *(.vector_50)
                0x00000001                ASSERT (((_vector_spacing == 0x0) || (SIZEOF (.vector_50) <= (_vector_spacing << 0x5))), function at exception vector 50 too large)

.vector_51      0x9d00e860        0x0
 *(.vector_51)
                0x00000001                ASSERT (((_vector_spacing == 0x0) || (SIZEOF (.vector_51) <= (_vector_spacing << 0x5))), function at exception vector 51 too large)

.vector_52      0x9d00e880        0x0
 *(.vector_52)
                0x00000001                ASSERT (((_vector_spacing == 0x0) || (SIZEOF (.vector_52) <= (_vector_spacing << 0x5))), function at exception vector 52 too large)

.vector_53      0x9d00e8a0        0x0
 *(.vector_53)
                0x00000001                ASSERT (((_vector_spacing == 0x0) || (SIZEOF (.vector_53) <= (_vector_spacing << 0x5))), function at exception vector 53 too large)

.vector_54      0x9d00e8c0        0x0
 *(.vector_54)
                0x00000001                ASSERT (((_vector_spacing == 0x0) || (SIZEOF (.vector_54) <= (_vector_spacing << 0x5))), function at exception vector 54 too large)

.vector_55      0x9d00e8e0        0x0
 *(.vector_55)
                0x00000001                ASSERT (((_vector_spacing == 0x0) || (SIZEOF (.vector_55) <= (_vector_spacing << 0x5))), function at exception vector 55 too large)

.vector_56      0x9d00e900        0x0
 *(.vector_56)
                0x00000001                ASSERT (((_vector_spacing == 0x0) || (SIZEOF (.vector_56) <= (_vector_spacing << 0x5))), function at exception vector 56 too large)

.vector_57      0x9d00e920        0x0
 *(.vector_57)
                0x00000001                ASSERT (((_vector_spacing == 0x0) || (SIZEOF (.vector_57) <= (_vector_spacing << 0x5))), function at exception vector 57 too large)

.vector_58      0x9d00e940        0x0
 *(.vector_58)
                0x00000001                ASSERT (((_vector_spacing == 0x0) || (SIZEOF (.vector_58) <= (_vector_spacing << 0x5))), function at exception vector 58 too large)

.vector_59      0x9d00e960        0x0
 *(.vector_59)
                0x00000001                ASSERT (((_vector_spacing == 0x0) || (SIZEOF (.vector_59) <= (_vector_spacing << 0x5))), function at exception vector 59 too large)

.vector_60      0x9d00e980        0x0
 *(.vector_60)
                0x00000001                ASSERT (((_vector_spacing == 0x0) || (SIZEOF (.vector_60) <= (_vector_spacing << 0x5))), function at exception vector 60 too large)

.vector_61      0x9d00e9a0        0x0
 *(.vector_61)
                0x00000001                ASSERT (((_vector_spacing == 0x0) || (SIZEOF (.vector_61) <= (_vector_spacing << 0x5))), function at exception vector 61 too large)

.vector_62      0x9d00e9c0        0x0
 *(.vector_62)
                0x00000001                ASSERT (((_vector_spacing == 0x0) || (SIZEOF (.vector_62) <= (_vector_spacing << 0x5))), function at exception vector 62 too large)

.vector_63      0x9d00e9e0        0x0
 *(.vector_63)
                0x00000001                ASSERT (((_vector_spacing == 0x0) || (SIZEOF (.vector_63) <= (_vector_spacing << 0x5))), function at exception vector 63 too large)

.startup        0x9d00d000      0x1e0
 *(.startup)
 .startup       0x9d00d000      0x1e0 C:/Program Files (x86)/Microchip/MPLAB C32 Suite/bin/../lib/gcc/pic32mx/3.4.4/../../../../pic32mx/lib/crt0.o

.text           0x9d00f000     0xe6e0
                0x9d00f000                _text_begin = .
 *(.text .stub .text.* .gnu.linkonce.t.*)
 .text          0x9d00f000       0x18 C:/Program Files (x86)/Microchip/MPLAB C32 Suite/bin/../lib/gcc/pic32mx/3.4.4/../../../../pic32mx/lib/crt0.o
 .text          0x9d00f018      0x4c4 ..\..\..\..\..\Documents\pic32_work\mouse\Intermediary\uart_lib.o
                0x9d00f018                UARTEnable
                0x9d00f12c                UARTConfigure
                0x9d00f1ac                UARTSetFifoMode
                0x9d00f208                UARTSetDataRate
                0x9d00f2f4                UARTGetDataRate
                0x9d00f390                UARTSetLineControl
                0x9d00f3ec                UARTSetAddress
                0x9d00f46c                UARTWatchForAddress
 .text          0x9d00f4dc     0x19c4 ..\..\..\..\..\Documents\pic32_work\mouse\Intermediary\cmi_mouse.o
                0x9d00f4dc                USB_ApplicationEventHandler
                0x9d00f698                lpe_init
                0x9d00f990                _InputCapture3Handler
                0x9d00fc08                _InputCapture2Handler
                0x9d00fee4                _Int0Handler
                0x9d010024                Init_UART2
                0x9d010098                SendByte_UART2
                0x9d010168                Send_GPad_Packet
                0x9d01026c                main
                0x9d01089c                App_ProcessInputReport
                0x9d010acc                App_Detect_Device
                0x9d010b0c                USB_HID_DataCollectionHandler
 .text          0x9d010ea0        0x0 ..\..\..\..\..\Documents\pic32_work\mouse\Intermediary\usb_config.o
 .text          0x9d010ea0     0x2f4c ..\..\..\..\..\Documents\pic32_work\mouse\Intermediary\usb_host_hid.o
                0x9d010ea0                USBHostHIDDeviceDetect
                0x9d010f78                USBHostHIDDeviceStatus
                0x9d011130                USBHostHIDResetDevice
                0x9d0112ac                USBHostHIDResetDeviceWithWait
                0x9d011388                USBHostHIDTasks
                0x9d012284                USBHostHIDTerminateTransfer
                0x9d0123c8                USBHostHIDTransfer
                0x9d01290c                USBHostHIDTransferIsComplete
                0x9d012a54                USBHostHID_ApiFindBit
                0x9d012d00                USBHostHID_ApiFindValue
                0x9d012ff8                USBHostHID_ApiGetCurrentInterfaceNum
                0x9d013024                USBHostHID_ApiImportData
                0x9d013354                USBHostHIDEventHandler
                0x9d0134ec                USBHostHIDInitialize
                0x9d013a94                _USBHostHID_FreeRptDecriptorDataMem
                0x9d013bc4                _USBHostHID_ResetStateJump
 .text          0x9d013dec     0x2474 ..\..\..\..\..\Documents\pic32_work\mouse\Intermediary\usb_host_hid_parser.o
                0x9d013dec                _USBHostHID_Parse_Report
                0x9d015f00                USBHostHID_HasUsage
 .text          0x9d016260     0x5fc4 ..\..\..\..\..\Documents\pic32_work\mouse\Intermediary\usb_host.o
                0x9d016260                USBHostClearEndpointErrors
                0x9d016320                USBHostDeviceSpecificClientDriver
                0x9d01635c                USBHostDeviceStatus
                0x9d016434                USBHostInit
                0x9d016518                USBHostIssueDeviceRequest
                0x9d016868                USBHostRead
                0x9d016a0c                USBHostResetDevice
                0x9d016a8c                USBHostResumeDevice
                0x9d016b14                USBHostSetDeviceConfiguration
                0x9d016bf0                USBHostSetNAKTimeout
                0x9d016cbc                USBHostShutdown
                0x9d016d5c                USBHostSuspendDevice
                0x9d016df4                USBHostTasks
                0x9d018afc                USBHostTerminateTransfer
                0x9d018b98                USBHostTransferIsComplete
                0x9d018d0c                USBHostVbusEvent
                0x9d018dcc                USBHostWrite
                0x9d018f70                _USB_CheckCommandAndEnumerationAttempts
                0x9d019028                _USB_FindClassDriver
                0x9d019158                _USB_FindDeviceLevelClientDriver
                0x9d0193f0                _USB_FindEndpoint
                0x9d0194c8                _USB_FindNextToken
                0x9d019cfc                _USB_FindServiceEndpoint
                0x9d019ef4                _USB_FreeConfigMemory
                0x9d01a058                _USB_FreeMemory
                0x9d01a12c                _USB_InitControlRead
                0x9d01a238                _USB_InitControlWrite
                0x9d01a364                _USB_InitRead
                0x9d01a490                _USB_InitWrite
                0x9d01a5bc                _USB_NotifyClients
                0x9d01a700                _USB_ParseConfigurationDescriptor
                0x9d01af14                _USB_ResetDATA0
                0x9d01b020                _USB_SendToken
                0x9d01b120                _USB_SetBDT
                0x9d01b48c                _USB_TransferInProgress
                0x9d01b594                _USB1Interrupt
 .text          0x9d01c224       0x18 ..\..\..\..\..\Documents\pic32_work\mouse\Intermediary\exceptions.o
                0x9d01c224                _general_exception_handler
 .text          0x9d01c23c        0x0 C:/Program Files (x86)/Microchip/MPLAB C32 Suite/bin/../lib/gcc/pic32mx/3.4.4/../../../../pic32mx/lib/./proc/32MX440F128H\processor.o
 .text          0x9d01c23c      0x168 C:/Program Files (x86)/Microchip/MPLAB C32 Suite/bin/../lib/gcc/pic32mx/3.4.4/../../../../pic32mx/lib\libc.a(memcpy.o)
                0x9d01c23c                memcpy
 .text          0x9d01c3a4        0x0 C:/Program Files (x86)/Microchip/MPLAB C32 Suite/bin/../lib/gcc/pic32mx/3.4.4/../../../../pic32mx/lib\libc.a(general-exception.o)
 .text.general_exception
                0x9d01c3a4       0xd0 C:/Program Files (x86)/Microchip/MPLAB C32 Suite/bin/../lib/gcc/pic32mx/3.4.4/../../../../pic32mx/lib\libc.a(general-exception.o)
                0x9d01c3a4                _general_exception_context
 .text          0x9d01c474        0x0 C:/Program Files (x86)/Microchip/MPLAB C32 Suite/bin/../lib/gcc/pic32mx/3.4.4/../../../../pic32mx/lib\libc.a(exit.o)
 .text.exit     0x9d01c474       0x10 C:/Program Files (x86)/Microchip/MPLAB C32 Suite/bin/../lib/gcc/pic32mx/3.4.4/../../../../pic32mx/lib\libc.a(exit.o)
                0x9d01c474                exit
 .text          0x9d01c484        0x0 C:/Program Files (x86)/Microchip/MPLAB C32 Suite/bin/../lib/gcc/pic32mx/3.4.4/../../../../pic32mx/lib\libc.a(malloc.o)
 .text.malloc_trim
                0x9d01c484      0x114 C:/Program Files (x86)/Microchip/MPLAB C32 Suite/bin/../lib/gcc/pic32mx/3.4.4/../../../../pic32mx/lib\libc.a(malloc.o)
                0x9d01c484                malloc_trim
 .text.free     0x9d01c598      0x24c C:/Program Files (x86)/Microchip/MPLAB C32 Suite/bin/../lib/gcc/pic32mx/3.4.4/../../../../pic32mx/lib\libc.a(malloc.o)
                0x9d01c598                free
 .text.malloc   0x9d01c7e4      0x758 C:/Program Files (x86)/Microchip/MPLAB C32 Suite/bin/../lib/gcc/pic32mx/3.4.4/../../../../pic32mx/lib\libc.a(malloc.o)
                0x9d01c7e4                malloc
 .text          0x9d01cf3c        0x0 C:/Program Files (x86)/Microchip/MPLAB C32 Suite/bin/../lib/gcc/pic32mx/3.4.4/../../../../pic32mx/lib\libc.a(errno.o)
 .text          0x9d01cf3c        0x0 C:/Program Files (x86)/Microchip/MPLAB C32 Suite/bin/../lib/gcc/pic32mx/3.4.4/../../../../pic32mx/lib\libc.a(sbrk.o)
 .text.getpagesize
                0x9d01cf3c        0x8 C:/Program Files (x86)/Microchip/MPLAB C32 Suite/bin/../lib/gcc/pic32mx/3.4.4/../../../../pic32mx/lib\libc.a(sbrk.o)
                0x9d01cf3c                getpagesize
 .text._stub_sbd_memlayout
                0x9d01cf44       0x2c C:/Program Files (x86)/Microchip/MPLAB C32 Suite/bin/../lib/gcc/pic32mx/3.4.4/../../../../pic32mx/lib\libc.a(sbrk.o)
                0x9d01cf44                _sbd_memlayout
                0x9d01cf44                _stub_sbd_memlayout
 .text._sbrk_init
                0x9d01cf70      0x168 C:/Program Files (x86)/Microchip/MPLAB C32 Suite/bin/../lib/gcc/pic32mx/3.4.4/../../../../pic32mx/lib\libc.a(sbrk.o)
                0x9d01cf70                _sbrk_init
 .text._sbrk    0x9d01d0d8       0xe8 C:/Program Files (x86)/Microchip/MPLAB C32 Suite/bin/../lib/gcc/pic32mx/3.4.4/../../../../pic32mx/lib\libc.a(sbrk.o)
                0x9d01d0d8                _sbrk
 .text.sbrk     0x9d01d1c0       0x5c C:/Program Files (x86)/Microchip/MPLAB C32 Suite/bin/../lib/gcc/pic32mx/3.4.4/../../../../pic32mx/lib\libc.a(sbrk.o)
                0x9d01d1c0                sbrk
 .text          0x9d01d21c        0x0 C:/Program Files (x86)/Microchip/MPLAB C32 Suite/bin/../lib/gcc/pic32mx/3.4.4/../../../../pic32mx/lib\libc.a(default-bootstrap-exception-handler.o)
 .text._bootstrap_exception_handler
                0x9d01d21c        0x8 C:/Program Files (x86)/Microchip/MPLAB C32 Suite/bin/../lib/gcc/pic32mx/3.4.4/../../../../pic32mx/lib\libc.a(default-bootstrap-exception-handler.o)
                0x9d01d21c                _bootstrap_exception_handler
 .text          0x9d01d224        0x0 C:/Program Files (x86)/Microchip/MPLAB C32 Suite/bin/../lib/gcc/pic32mx/3.4.4/../../../../pic32mx/lib\libc.a(default-on-reset.o)
 .text._on_reset
                0x9d01d224        0x8 C:/Program Files (x86)/Microchip/MPLAB C32 Suite/bin/../lib/gcc/pic32mx/3.4.4/../../../../pic32mx/lib\libc.a(default-on-reset.o)
                0x9d01d224                _on_reset
 .text          0x9d01d22c        0x0 C:/Program Files (x86)/Microchip/MPLAB C32 Suite/bin/../lib/gcc/pic32mx/3.4.4/../../../../pic32mx/lib\libc.a(default-on-bootstrap.o)
 .text._on_bootstrap
                0x9d01d22c        0x8 C:/Program Files (x86)/Microchip/MPLAB C32 Suite/bin/../lib/gcc/pic32mx/3.4.4/../../../../pic32mx/lib\libc.a(default-on-bootstrap.o)
                0x9d01d22c                _on_bootstrap
 .text          0x9d01d234       0x18 C:/Program Files (x86)/Microchip/MPLAB C32 Suite/bin/../lib/gcc/pic32mx/3.4.4/../../../../pic32mx/lib\libc.a(default-nmi-handler.o)
                0x9d01d234                _nmi_handler
 .text          0x9d01d24c        0x0 C:/Program Files (x86)/Microchip/MPLAB C32 Suite/bin/../lib/gcc/pic32mx/3.4.4/../../../../pic32mx/lib\libc.a(_exit.o)
 .text._exit    0x9d01d24c        0x8 C:/Program Files (x86)/Microchip/MPLAB C32 Suite/bin/../lib/gcc/pic32mx/3.4.4/../../../../pic32mx/lib\libc.a(_exit.o)
                0x9d01d24c                _exit
 .text          0x9d01d254       0xa8 C:/Program Files (x86)/Microchip/MPLAB C32 Suite/bin/../lib/gcc/pic32mx/3.4.4/../../../../pic32mx/lib\libc.a(memset.o)
                0x9d01d254                memset
 .text          0x9d01d2fc        0x0 C:/Program Files (x86)/Microchip/MPLAB C32 Suite/bin/../lib/gcc/pic32mx/3.4.4/../../../../pic32mx/lib\libc.a(stubs.o)
 .text._weak_pthread_mutex_init
                0x9d01d2fc        0x8 C:/Program Files (x86)/Microchip/MPLAB C32 Suite/bin/../lib/gcc/pic32mx/3.4.4/../../../../pic32mx/lib\libc.a(stubs.o)
                0x9d01d2fc                pthread_mutex_init
                0x9d01d2fc                _weak_pthread_mutex_init
 .text._weak_pthread_mutex_destroy
                0x9d01d304        0x8 C:/Program Files (x86)/Microchip/MPLAB C32 Suite/bin/../lib/gcc/pic32mx/3.4.4/../../../../pic32mx/lib\libc.a(stubs.o)
                0x9d01d304                pthread_mutex_destroy
                0x9d01d304                _weak_pthread_mutex_destroy
 .text._weak_pthread_mutex_lock
                0x9d01d30c        0x8 C:/Program Files (x86)/Microchip/MPLAB C32 Suite/bin/../lib/gcc/pic32mx/3.4.4/../../../../pic32mx/lib\libc.a(stubs.o)
                0x9d01d30c                pthread_mutex_lock
                0x9d01d30c                _weak_pthread_mutex_lock
 .text._weak_pthread_mutex_trylock
                0x9d01d314        0x8 C:/Program Files (x86)/Microchip/MPLAB C32 Suite/bin/../lib/gcc/pic32mx/3.4.4/../../../../pic32mx/lib\libc.a(stubs.o)
                0x9d01d314                pthread_mutex_trylock
                0x9d01d314                _weak_pthread_mutex_trylock
 .text._weak_pthread_mutex_unlock
                0x9d01d31c        0x8 C:/Program Files (x86)/Microchip/MPLAB C32 Suite/bin/../lib/gcc/pic32mx/3.4.4/../../../../pic32mx/lib\libc.a(stubs.o)
                0x9d01d31c                pthread_mutex_unlock
                0x9d01d31c                _weak_pthread_mutex_unlock
 .text._weak_pthread_mutex_setname_np
                0x9d01d324        0x8 C:/Program Files (x86)/Microchip/MPLAB C32 Suite/bin/../lib/gcc/pic32mx/3.4.4/../../../../pic32mx/lib\libc.a(stubs.o)
                0x9d01d324                _weak_pthread_mutex_setname_np
                0x9d01d324                pthread_mutex_setname_np
 .text._weak_pthread_mutexattr_init
                0x9d01d32c        0x8 C:/Program Files (x86)/Microchip/MPLAB C32 Suite/bin/../lib/gcc/pic32mx/3.4.4/../../../../pic32mx/lib\libc.a(stubs.o)
                0x9d01d32c                pthread_mutexattr_init
                0x9d01d32c                _weak_pthread_mutexattr_init
 .text._weak_pthread_mutexattr_destroy
                0x9d01d334        0x8 C:/Program Files (x86)/Microchip/MPLAB C32 Suite/bin/../lib/gcc/pic32mx/3.4.4/../../../../pic32mx/lib\libc.a(stubs.o)
                0x9d01d334                _weak_pthread_mutexattr_destroy
                0x9d01d334                pthread_mutexattr_destroy
 .text._weak_pthread_mutexattr_setname_np
                0x9d01d33c        0x8 C:/Program Files (x86)/Microchip/MPLAB C32 Suite/bin/../lib/gcc/pic32mx/3.4.4/../../../../pic32mx/lib\libc.a(stubs.o)
                0x9d01d33c                pthread_mutexattr_setname_np
                0x9d01d33c                _weak_pthread_mutexattr_setname_np
 .text._weak_pthread_mutexattr_settype_np
                0x9d01d344        0x8 C:/Program Files (x86)/Microchip/MPLAB C32 Suite/bin/../lib/gcc/pic32mx/3.4.4/../../../../pic32mx/lib\libc.a(stubs.o)
                0x9d01d344                pthread_mutexattr_settype_np
                0x9d01d344                _weak_pthread_mutexattr_settype_np
 .text._weak_pthread_sysconf_np
                0x9d01d34c        0x8 C:/Program Files (x86)/Microchip/MPLAB C32 Suite/bin/../lib/gcc/pic32mx/3.4.4/../../../../pic32mx/lib\libc.a(stubs.o)
                0x9d01d34c                pthread_sysconf_np
                0x9d01d34c                _weak_pthread_sysconf_np
 .text._weak_pthread_sigdisable_np
                0x9d01d354        0x8 C:/Program Files (x86)/Microchip/MPLAB C32 Suite/bin/../lib/gcc/pic32mx/3.4.4/../../../../pic32mx/lib\libc.a(stubs.o)
                0x9d01d354                pthread_sigdisable_np
                0x9d01d354                _weak_pthread_sigdisable_np
 .text._weak_pthread_sigrestore_np
                0x9d01d35c        0x8 C:/Program Files (x86)/Microchip/MPLAB C32 Suite/bin/../lib/gcc/pic32mx/3.4.4/../../../../pic32mx/lib\libc.a(stubs.o)
                0x9d01d35c                _weak_pthread_sigrestore_np
                0x9d01d35c                pthread_sigrestore_np
 .text._weak__pthread_cleanup_push
                0x9d01d364        0x8 C:/Program Files (x86)/Microchip/MPLAB C32 Suite/bin/../lib/gcc/pic32mx/3.4.4/../../../../pic32mx/lib\libc.a(stubs.o)
                0x9d01d364                _pthread_cleanup_push
                0x9d01d364                _weak__pthread_cleanup_push
 .text._weak__pthread_cleanup_pop
                0x9d01d36c        0x8 C:/Program Files (x86)/Microchip/MPLAB C32 Suite/bin/../lib/gcc/pic32mx/3.4.4/../../../../pic32mx/lib\libc.a(stubs.o)
                0x9d01d36c                _weak__pthread_cleanup_pop
                0x9d01d36c                _pthread_cleanup_pop
 .text._weak__pthread_cleanup_push_defer
                0x9d01d374        0x8 C:/Program Files (x86)/Microchip/MPLAB C32 Suite/bin/../lib/gcc/pic32mx/3.4.4/../../../../pic32mx/lib\libc.a(stubs.o)
                0x9d01d374                _pthread_cleanup_push_defer
                0x9d01d374                _weak__pthread_cleanup_push_defer
 .text._weak__pthread_cleanup_pop_restore
                0x9d01d37c        0x8 C:/Program Files (x86)/Microchip/MPLAB C32 Suite/bin/../lib/gcc/pic32mx/3.4.4/../../../../pic32mx/lib\libc.a(stubs.o)
                0x9d01d37c                _weak__pthread_cleanup_pop_restore
                0x9d01d37c                _pthread_cleanup_pop_restore
 .text._weak_pthread_once
                0x9d01d384       0x2c C:/Program Files (x86)/Microchip/MPLAB C32 Suite/bin/../lib/gcc/pic32mx/3.4.4/../../../../pic32mx/lib\libc.a(stubs.o)
                0x9d01d384                pthread_once
                0x9d01d384                _pthread_once
                0x9d01d384                _weak_pthread_once
 .text._weak_pthread_key_create
                0x9d01d3b0        0x8 C:/Program Files (x86)/Microchip/MPLAB C32 Suite/bin/../lib/gcc/pic32mx/3.4.4/../../../../pic32mx/lib\libc.a(stubs.o)
                0x9d01d3b0                _weak_pthread_key_create
                0x9d01d3b0                pthread_key_create
 .text._weak_pthread_setspecific
                0x9d01d3b8        0x8 C:/Program Files (x86)/Microchip/MPLAB C32 Suite/bin/../lib/gcc/pic32mx/3.4.4/../../../../pic32mx/lib\libc.a(stubs.o)
                0x9d01d3b8                pthread_setspecific
                0x9d01d3b8                _weak_pthread_setspecific
 .text._weak_pthread_getspecific
                0x9d01d3c0        0x8 C:/Program Files (x86)/Microchip/MPLAB C32 Suite/bin/../lib/gcc/pic32mx/3.4.4/../../../../pic32mx/lib\libc.a(stubs.o)
                0x9d01d3c0                _weak_pthread_getspecific
                0x9d01d3c0                pthread_getspecific
 .text._weak__libc_private_storage
                0x9d01d3c8        0x8 C:/Program Files (x86)/Microchip/MPLAB C32 Suite/bin/../lib/gcc/pic32mx/3.4.4/../../../../pic32mx/lib\libc.a(stubs.o)
                0x9d01d3c8                _weak__libc_private_storage
                0x9d01d3c8                _libc_private_storage
 .text          0x9d01d3d0        0x0 C:/Program Files (x86)/Microchip/MPLAB C32 Suite/bin/../lib/gcc/pic32mx/3.4.4/../../../../pic32mx/lib\libmchp_peripheral_32MX440F128H.a(soft_reset_lib.o)
 .text.SoftReset
                0x9d01d3d0       0x78 C:/Program Files (x86)/Microchip/MPLAB C32 Suite/bin/../lib/gcc/pic32mx/3.4.4/../../../../pic32mx/lib\libmchp_peripheral_32MX440F128H.a(soft_reset_lib.o)
                0x9d01d3d0                SoftReset
 .text          0x9d01d448        0x0 C:/Program Files (x86)/Microchip/MPLAB C32 Suite/bin/../lib/gcc/pic32mx/3.4.4/../../../../pic32mx/lib\libmchp_peripheral_32MX440F128H.a(pcache.o)
 .text.CheKseg0CacheOff
                0x9d01d448       0x18 C:/Program Files (x86)/Microchip/MPLAB C32 Suite/bin/../lib/gcc/pic32mx/3.4.4/../../../../pic32mx/lib\libmchp_peripheral_32MX440F128H.a(pcache.o)
                0x9d01d448                CheKseg0CacheOff
 .text.CheKseg0CacheOn
                0x9d01d460       0x18 C:/Program Files (x86)/Microchip/MPLAB C32 Suite/bin/../lib/gcc/pic32mx/3.4.4/../../../../pic32mx/lib\libmchp_peripheral_32MX440F128H.a(pcache.o)
                0x9d01d460                CheKseg0CacheOn
 .text          0x9d01d478        0x0 C:/Program Files (x86)/Microchip/MPLAB C32 Suite/bin/../lib/gcc/pic32mx/3.4.4/../../../../pic32mx/lib\libmchp_peripheral_32MX440F128H.a(int_configure_system_lib.o)
 .text.INTConfigureSystem
                0x9d01d478       0x34 C:/Program Files (x86)/Microchip/MPLAB C32 Suite/bin/../lib/gcc/pic32mx/3.4.4/../../../../pic32mx/lib\libmchp_peripheral_32MX440F128H.a(int_configure_system_lib.o)
                0x9d01d478                INTConfigureSystem
 .text          0x9d01d4ac        0x0 C:/Program Files (x86)/Microchip/MPLAB C32 Suite/bin/../lib/gcc/pic32mx/3.4.4/../../../../pic32mx/lib\libmchp_peripheral_32MX440F128H.a(int_enable_interrupts_lib.o)
 .text.INTEnableInterrupts
                0x9d01d4ac        0x8 C:/Program Files (x86)/Microchip/MPLAB C32 Suite/bin/../lib/gcc/pic32mx/3.4.4/../../../../pic32mx/lib\libmchp_peripheral_32MX440F128H.a(int_enable_interrupts_lib.o)
                0x9d01d4ac                INTEnableInterrupts
 .text          0x9d01d4b4        0x0 C:/Program Files (x86)/Microchip/MPLAB C32 Suite/bin/../lib/gcc/pic32mx/3.4.4/../../../../pic32mx/lib\libmchp_peripheral_32MX440F128H.a(int_disable_interrupts_lib.o)
 .text.INTDisableInterrupts
                0x9d01d4b4        0x8 C:/Program Files (x86)/Microchip/MPLAB C32 Suite/bin/../lib/gcc/pic32mx/3.4.4/../../../../pic32mx/lib\libmchp_peripheral_32MX440F128H.a(int_disable_interrupts_lib.o)
                0x9d01d4b4                INTDisableInterrupts
 .text          0x9d01d4bc        0x0 C:/Program Files (x86)/Microchip/MPLAB C32 Suite/bin/../lib/gcc/pic32mx/3.4.4/../../../../pic32mx/lib\libmchp_peripheral_32MX440F128H.a(int_restore_interrupts_lib.o)
 .text.INTRestoreInterrupts
                0x9d01d4bc       0x1c C:/Program Files (x86)/Microchip/MPLAB C32 Suite/bin/../lib/gcc/pic32mx/3.4.4/../../../../pic32mx/lib\libmchp_peripheral_32MX440F128H.a(int_restore_interrupts_lib.o)
                0x9d01d4bc                INTRestoreInterrupts
 .text          0x9d01d4d8        0x0 C:/Program Files (x86)/Microchip/MPLAB C32 Suite/bin/../lib/gcc/pic32mx/3.4.4/../../../../pic32mx/lib\libmchp_peripheral_32MX440F128H.a(int_enable_mv_int_lib.o)
 .text.INTEnableSystemMultiVectoredInt
                0x9d01d4d8       0x34 C:/Program Files (x86)/Microchip/MPLAB C32 Suite/bin/../lib/gcc/pic32mx/3.4.4/../../../../pic32mx/lib\libmchp_peripheral_32MX440F128H.a(int_enable_mv_int_lib.o)
                0x9d01d4d8                INTEnableSystemMultiVectoredInt
 .text          0x9d01d50c        0x0 C:/Program Files (x86)/Microchip/MPLAB C32 Suite/bin/../lib/gcc/pic32mx/3.4.4/../../../../pic32mx/lib\libmchp_peripheral_32MX440F128H.a(int_tbl_lib.o)
 .text.INTClearFlag
                0x9d01d50c       0x2c C:/Program Files (x86)/Microchip/MPLAB C32 Suite/bin/../lib/gcc/pic32mx/3.4.4/../../../../pic32mx/lib\libmchp_peripheral_32MX440F128H.a(int_tbl_lib.o)
                0x9d01d50c                INTClearFlag
 .text.INTSetFlag
                0x9d01d538       0x2c C:/Program Files (x86)/Microchip/MPLAB C32 Suite/bin/../lib/gcc/pic32mx/3.4.4/../../../../pic32mx/lib\libmchp_peripheral_32MX440F128H.a(int_tbl_lib.o)
                0x9d01d538                INTSetFlag
 .text.INTGetFlag
                0x9d01d564       0x2c C:/Program Files (x86)/Microchip/MPLAB C32 Suite/bin/../lib/gcc/pic32mx/3.4.4/../../../../pic32mx/lib\libmchp_peripheral_32MX440F128H.a(int_tbl_lib.o)
                0x9d01d564                INTGetFlag
 .text.INTEnable
                0x9d01d590       0x44 C:/Program Files (x86)/Microchip/MPLAB C32 Suite/bin/../lib/gcc/pic32mx/3.4.4/../../../../pic32mx/lib\libmchp_peripheral_32MX440F128H.a(int_tbl_lib.o)
                0x9d01d590                INTEnable
 .text.INTGetEnable
                0x9d01d5d4       0x2c C:/Program Files (x86)/Microchip/MPLAB C32 Suite/bin/../lib/gcc/pic32mx/3.4.4/../../../../pic32mx/lib\libmchp_peripheral_32MX440F128H.a(int_tbl_lib.o)
                0x9d01d5d4                INTGetEnable
 .text.INTSetVectorPriority
                0x9d01d600       0x40 C:/Program Files (x86)/Microchip/MPLAB C32 Suite/bin/../lib/gcc/pic32mx/3.4.4/../../../../pic32mx/lib\libmchp_peripheral_32MX440F128H.a(int_tbl_lib.o)
                0x9d01d600                INTSetVectorPriority
 .text.INTGetVectorPriority
                0x9d01d640       0x30 C:/Program Files (x86)/Microchip/MPLAB C32 Suite/bin/../lib/gcc/pic32mx/3.4.4/../../../../pic32mx/lib\libmchp_peripheral_32MX440F128H.a(int_tbl_lib.o)
                0x9d01d640                INTGetVectorPriority
 .text.INTSetVectorSubPriority
                0x9d01d670       0x40 C:/Program Files (x86)/Microchip/MPLAB C32 Suite/bin/../lib/gcc/pic32mx/3.4.4/../../../../pic32mx/lib\libmchp_peripheral_32MX440F128H.a(int_tbl_lib.o)
                0x9d01d670                INTSetVectorSubPriority
 .text.INTGetVectorSubPriority
                0x9d01d6b0       0x30 C:/Program Files (x86)/Microchip/MPLAB C32 Suite/bin/../lib/gcc/pic32mx/3.4.4/../../../../pic32mx/lib\libmchp_peripheral_32MX440F128H.a(int_tbl_lib.o)
                0x9d01d6b0                INTGetVectorSubPriority
 *(.text.*personality*)
 *(.gnu.warning)
 *(.mips16.fn.*)
 *(.mips16.call.*)
                0x9d01d6e0                _text_end = .

.rodata         0x9d01d6e0      0x74c
 *(.rodata .rodata.* .gnu.linkonce.r.*)
 .rodata        0x9d01d6e0        0x8 ..\..\..\..\..\Documents\pic32_work\mouse\Intermediary\uart_lib.o
                0x9d01d6e0                uartReg
 .rodata        0x9d01d6e8       0x14 ..\..\..\..\..\Documents\pic32_work\mouse\Intermediary\cmi_mouse.o
 .rodata        0x9d01d6fc       0x14 ..\..\..\..\..\Documents\pic32_work\mouse\Intermediary\usb_host_hid.o
 .rodata        0x9d01d710       0xa8 ..\..\..\..\..\Documents\pic32_work\mouse\Intermediary\usb_host_hid_parser.o
 .rodata        0x9d01d7b8      0x14c ..\..\..\..\..\Documents\pic32_work\mouse\Intermediary\usb_host.o
 .rodata        0x9d01d904      0x528 C:/Program Files (x86)/Microchip/MPLAB C32 Suite/bin/../lib/gcc/pic32mx/3.4.4/../../../../pic32mx/lib\libmchp_peripheral_32MX440F128H.a(int_tbl_lib.o)
                0x9d01d904                __IntVectorTbl
                0x9d01db2c                __IntSrcTbl
 *(.rodata1)
                0x9d01de2c                . = ALIGN (0x4)

.rel.dyn        0x9d01de2c        0x0
 .rel.dyn       0x00000000        0x0 ..\..\..\..\..\Documents\pic32_work\mouse\Intermediary\usb_config.o

.sdata2         0x9d01de2c        0x0
 *(.sdata2 .sdata2.* .gnu.linkonce.s2.*)
                0x9d01de2c                . = ALIGN (0x4)

.sbss2          0x9d01de2c        0x0
 *(.sbss2 .sbss2.* .gnu.linkonce.sb2.*)
                0x9d01de2c                . = ALIGN (0x4)

.eh_frame_hdr
 *(.eh_frame_hdr)

.eh_frame
 *(.eh_frame)

.dbg_data       0xa0000000        0x0
                0xa0000000                . = (. + DEFINED (_DEBUGGER)?0x200:0x0)

.data           0xa0000000     0x14d4 load address 0x9d01de2c
                0xa0000000                _data_begin = .
 *(.data .data.* .gnu.linkonce.d.*)
 .data          0xa0000000        0x0 C:/Program Files (x86)/Microchip/MPLAB C32 Suite/bin/../lib/gcc/pic32mx/3.4.4/../../../../pic32mx/lib/crt0.o
 .data          0xa0000000        0x0 ..\..\..\..\..\Documents\pic32_work\mouse\Intermediary\uart_lib.o
 .data          0xa0000000     0x1098 ..\..\..\..\..\Documents\pic32_work\mouse\Intermediary\cmi_mouse.o
                0xa0000000                pixel_offsets_II
                0xa0000800                pixel_offsets_IIx
                0xa0001000                shape_A
                0xa0001018                shape_B
 .data          0xa0001098        0xc ..\..\..\..\..\Documents\pic32_work\mouse\Intermediary\usb_config.o
                0xa0001098                usbClientDrvTable
 .data          0xa00010a4        0x0 ..\..\..\..\..\Documents\pic32_work\mouse\Intermediary\usb_host_hid.o
 .data          0xa00010a4        0x0 ..\..\..\..\..\Documents\pic32_work\mouse\Intermediary\usb_host_hid_parser.o
 .data          0xa00010a4        0x0 ..\..\..\..\..\Documents\pic32_work\mouse\Intermediary\usb_host.o
 .data          0xa00010a4        0x0 ..\..\..\..\..\Documents\pic32_work\mouse\Intermediary\exceptions.o
 .data          0xa00010a4        0x0 C:/Program Files (x86)/Microchip/MPLAB C32 Suite/bin/../lib/gcc/pic32mx/3.4.4/../../../../pic32mx/lib/./proc/32MX440F128H\processor.o
 .data          0xa00010a4        0x0 C:/Program Files (x86)/Microchip/MPLAB C32 Suite/bin/../lib/gcc/pic32mx/3.4.4/../../../../pic32mx/lib\libc.a(memcpy.o)
 .data          0xa00010a4        0x0 C:/Program Files (x86)/Microchip/MPLAB C32 Suite/bin/../lib/gcc/pic32mx/3.4.4/../../../../pic32mx/lib\libc.a(general-exception.o)
 .data          0xa00010a4        0x0 C:/Program Files (x86)/Microchip/MPLAB C32 Suite/bin/../lib/gcc/pic32mx/3.4.4/../../../../pic32mx/lib\libc.a(exit.o)
 .data          0xa00010a4      0x410 C:/Program Files (x86)/Microchip/MPLAB C32 Suite/bin/../lib/gcc/pic32mx/3.4.4/../../../../pic32mx/lib\libc.a(malloc.o)
                0xa00010a4                malloc_sbrk_base
                0xa00010a8                malloc_trim_threshold
                0xa00010ac                malloc_av_
 .data          0xa00014b4        0x0 C:/Program Files (x86)/Microchip/MPLAB C32 Suite/bin/../lib/gcc/pic32mx/3.4.4/../../../../pic32mx/lib\libc.a(errno.o)
 .data          0xa00014b4       0x20 C:/Program Files (x86)/Microchip/MPLAB C32 Suite/bin/../lib/gcc/pic32mx/3.4.4/../../../../pic32mx/lib\libc.a(sbrk.o)
 .data          0xa00014d4        0x0 C:/Program Files (x86)/Microchip/MPLAB C32 Suite/bin/../lib/gcc/pic32mx/3.4.4/../../../../pic32mx/lib\libc.a(default-bootstrap-exception-handler.o)
 .data          0xa00014d4        0x0 C:/Program Files (x86)/Microchip/MPLAB C32 Suite/bin/../lib/gcc/pic32mx/3.4.4/../../../../pic32mx/lib\libc.a(default-on-reset.o)
 .data          0xa00014d4        0x0 C:/Program Files (x86)/Microchip/MPLAB C32 Suite/bin/../lib/gcc/pic32mx/3.4.4/../../../../pic32mx/lib\libc.a(default-on-bootstrap.o)
 .data          0xa00014d4        0x0 C:/Program Files (x86)/Microchip/MPLAB C32 Suite/bin/../lib/gcc/pic32mx/3.4.4/../../../../pic32mx/lib\libc.a(default-nmi-handler.o)
 .data          0xa00014d4        0x0 C:/Program Files (x86)/Microchip/MPLAB C32 Suite/bin/../lib/gcc/pic32mx/3.4.4/../../../../pic32mx/lib\libc.a(_exit.o)
 .data          0xa00014d4        0x0 C:/Program Files (x86)/Microchip/MPLAB C32 Suite/bin/../lib/gcc/pic32mx/3.4.4/../../../../pic32mx/lib\libc.a(memset.o)
 .data          0xa00014d4        0x0 C:/Program Files (x86)/Microchip/MPLAB C32 Suite/bin/../lib/gcc/pic32mx/3.4.4/../../../../pic32mx/lib\libc.a(stubs.o)
 .data          0xa00014d4        0x0 C:/Program Files (x86)/Microchip/MPLAB C32 Suite/bin/../lib/gcc/pic32mx/3.4.4/../../../../pic32mx/lib\libmchp_peripheral_32MX440F128H.a(soft_reset_lib.o)
 .data          0xa00014d4        0x0 C:/Program Files (x86)/Microchip/MPLAB C32 Suite/bin/../lib/gcc/pic32mx/3.4.4/../../../../pic32mx/lib\libmchp_peripheral_32MX440F128H.a(pcache.o)
 .data          0xa00014d4        0x0 C:/Program Files (x86)/Microchip/MPLAB C32 Suite/bin/../lib/gcc/pic32mx/3.4.4/../../../../pic32mx/lib\libmchp_peripheral_32MX440F128H.a(int_configure_system_lib.o)
 .data          0xa00014d4        0x0 C:/Program Files (x86)/Microchip/MPLAB C32 Suite/bin/../lib/gcc/pic32mx/3.4.4/../../../../pic32mx/lib\libmchp_peripheral_32MX440F128H.a(int_enable_interrupts_lib.o)
 .data          0xa00014d4        0x0 C:/Program Files (x86)/Microchip/MPLAB C32 Suite/bin/../lib/gcc/pic32mx/3.4.4/../../../../pic32mx/lib\libmchp_peripheral_32MX440F128H.a(int_disable_interrupts_lib.o)
 .data          0xa00014d4        0x0 C:/Program Files (x86)/Microchip/MPLAB C32 Suite/bin/../lib/gcc/pic32mx/3.4.4/../../../../pic32mx/lib\libmchp_peripheral_32MX440F128H.a(int_restore_interrupts_lib.o)
 .data          0xa00014d4        0x0 C:/Program Files (x86)/Microchip/MPLAB C32 Suite/bin/../lib/gcc/pic32mx/3.4.4/../../../../pic32mx/lib\libmchp_peripheral_32MX440F128H.a(int_enable_mv_int_lib.o)
 .data          0xa00014d4        0x0 C:/Program Files (x86)/Microchip/MPLAB C32 Suite/bin/../lib/gcc/pic32mx/3.4.4/../../../../pic32mx/lib\libmchp_peripheral_32MX440F128H.a(int_tbl_lib.o)
 *(.gnu.linkonce.d.*personality*)
 *(.data1)
                0x9d01de2c                _data_image_begin = LOADADDR (.data)

.eh_frame
 *(.eh_frame)
                0xa00094d0                _gp = (ALIGN (0x10) + 0x7ff0)

.got
 *(.got.plt)
 *(.got)

.sdata          0xa00014d4        0x8 load address 0x9d01f300
                0xa00014d4                _sdata_begin = .
 *(.sdata .sdata.* .gnu.linkonce.s.*)
 .sdata         0xa00014d4        0x8 ..\..\..\..\..\Documents\pic32_work\mouse\Intermediary\usb_config.o
                0xa00014d4                usbTPL
                0xa00014dc                _sdata_end = .

.lit8
 *(.lit8)

.lit4
 *(.lit4)
                0xa00014dc                . = ALIGN (0x4)
                0xa00014dc                _data_end = .
                0xa00014dc                _bss_begin = .

.sbss           0xa00014dc       0xa6 load address 0x9d01f308
                0xa00014dc                _sbss_begin = .
 *(.dynsbss)
 *(.sbss .sbss.* .gnu.linkonce.sb.*)
 .sbss          0xa00014dc       0x10 ..\..\..\..\..\Documents\pic32_work\mouse\Intermediary\cmi_mouse.o
                0xa00014dc                App_State_Mouse
                0xa00014e0                vsync_history_index
                0xa00014e4                flap_count
                0xa00014e8                pos_history_index
 .sbss          0xa00014ec        0x8 ..\..\..\..\..\Documents\pic32_work\mouse\Intermediary\usb_host_hid.o
 .sbss          0xa00014f4        0x4 ..\..\..\..\..\Documents\pic32_work\mouse\Intermediary\usb_host_hid_parser.o
                0xa00014f4                parsedDataMem
 .sbss          0xa00014f8       0x28 ..\..\..\..\..\Documents\pic32_work\mouse\Intermediary\usb_host.o
                0xa00014f8                pCurrentConfigurationDescriptor
                0xa00014fc                pDeviceDescriptor
 .sbss          0xa0001520        0xc ..\..\..\..\..\Documents\pic32_work\mouse\Intermediary\exceptions.o
 .sbss          0xa000152c        0x4 C:/Program Files (x86)/Microchip/MPLAB C32 Suite/bin/../lib/gcc/pic32mx/3.4.4/../../../../pic32mx/lib\libc.a(errno.o)
                0xa000152c                errno
 *(.scommon)
 .scommon       0xa0001530       0x50 ..\..\..\..\..\Documents\pic32_work\mouse\Intermediary\cmi_mouse.o
                0xa0001530                mouse_left_button
                0xa0001534                xpos
                0xa0001538                show_cursor
                0xa000153c                ErrorDriver
                0xa0001540                blinker
                0xa0001544                gpad_y
                0xa0001548                real_hit_count_last
                0xa000154c                pos
                0xa0001550                NumOfBytesRcvd
                0xa0001551                ErrorCounter
                0xa0001554                y_bias
                0xa0001558                lastStat
                0xa000155c                cursorLine
                0xa0001560                drawnLines
                0xa0001564                real_hit_count_now
                0xa0001568                show_cursor_gpad
                0xa000156c                lineCount
                0xa0001570                pos_tbl
                0xa0001574                ypos
                0xa0001576                gpad_x
                0xa0001578                ReportBufferUpdated
                0xa000157c                lastVSYNC
 .scommon       0xa0001580        0x2 ..\..\..\..\..\Documents\pic32_work\mouse\Intermediary\usb_host.o
                0xa0001580                usbOverrideHostState
                0xa0001582                _sbss_end = .

.bss            0xa0001600      0x520 load address 0x9d01f308
 *(.dynbss)
 *(.bss .bss.* .gnu.linkonce.b.*)
 .bss           0xa0001600        0x0 C:/Program Files (x86)/Microchip/MPLAB C32 Suite/bin/../lib/gcc/pic32mx/3.4.4/../../../../pic32mx/lib/crt0.o
 .bss           0xa0001600        0x0 ..\..\..\..\..\Documents\pic32_work\mouse\Intermediary\uart_lib.o
 .bss           0xa0001600        0x0 ..\..\..\..\..\Documents\pic32_work\mouse\Intermediary\cmi_mouse.o
 .bss           0xa0001600        0x0 ..\..\..\..\..\Documents\pic32_work\mouse\Intermediary\usb_config.o
 .bss           0xa0001600       0x20 ..\..\..\..\..\Documents\pic32_work\mouse\Intermediary\usb_host_hid.o
 .bss           0xa0001620       0x88 ..\..\..\..\..\Documents\pic32_work\mouse\Intermediary\usb_host_hid_parser.o
                0xa0001620                deviceRptInfo
                0xa0001688                itemListPtrs
 *fill*         0xa00016a8      0x158 00
 .bss           0xa0001800      0x200 ..\..\..\..\..\Documents\pic32_work\mouse\Intermediary\usb_host.o
 .bss           0xa0001a00        0x0 ..\..\..\..\..\Documents\pic32_work\mouse\Intermediary\exceptions.o
 .bss           0xa0001a00        0x0 C:/Program Files (x86)/Microchip/MPLAB C32 Suite/bin/../lib/gcc/pic32mx/3.4.4/../../../../pic32mx/lib/./proc/32MX440F128H\processor.o
 .bss           0xa0001a00        0x0 C:/Program Files (x86)/Microchip/MPLAB C32 Suite/bin/../lib/gcc/pic32mx/3.4.4/../../../../pic32mx/lib\libc.a(memcpy.o)
 .bss           0xa0001a00        0x0 C:/Program Files (x86)/Microchip/MPLAB C32 Suite/bin/../lib/gcc/pic32mx/3.4.4/../../../../pic32mx/lib\libc.a(general-exception.o)
 .bss           0xa0001a00        0x0 C:/Program Files (x86)/Microchip/MPLAB C32 Suite/bin/../lib/gcc/pic32mx/3.4.4/../../../../pic32mx/lib\libc.a(exit.o)
 .bss           0xa0001a00       0x34 C:/Program Files (x86)/Microchip/MPLAB C32 Suite/bin/../lib/gcc/pic32mx/3.4.4/../../../../pic32mx/lib\libc.a(malloc.o)
                0xa0001a00                malloc_current_mallinfo
                0xa0001a28                malloc_max_total_mem
                0xa0001a2c                malloc_max_sbrked_mem
                0xa0001a30                malloc_top_pad
 .bss           0xa0001a34        0x0 C:/Program Files (x86)/Microchip/MPLAB C32 Suite/bin/../lib/gcc/pic32mx/3.4.4/../../../../pic32mx/lib\libc.a(errno.o)
 .bss           0xa0001a34       0x24 C:/Program Files (x86)/Microchip/MPLAB C32 Suite/bin/../lib/gcc/pic32mx/3.4.4/../../../../pic32mx/lib\libc.a(sbrk.o)
                0xa0001a34                _maxbrk
                0xa0001a38                _minbrk
 .bss           0xa0001a58        0x0 C:/Program Files (x86)/Microchip/MPLAB C32 Suite/bin/../lib/gcc/pic32mx/3.4.4/../../../../pic32mx/lib\libc.a(default-bootstrap-exception-handler.o)
 .bss           0xa0001a58        0x0 C:/Program Files (x86)/Microchip/MPLAB C32 Suite/bin/../lib/gcc/pic32mx/3.4.4/../../../../pic32mx/lib\libc.a(default-on-reset.o)
 .bss           0xa0001a58        0x0 C:/Program Files (x86)/Microchip/MPLAB C32 Suite/bin/../lib/gcc/pic32mx/3.4.4/../../../../pic32mx/lib\libc.a(default-on-bootstrap.o)
 .bss           0xa0001a58        0x0 C:/Program Files (x86)/Microchip/MPLAB C32 Suite/bin/../lib/gcc/pic32mx/3.4.4/../../../../pic32mx/lib\libc.a(default-nmi-handler.o)
 .bss           0xa0001a58        0x0 C:/Program Files (x86)/Microchip/MPLAB C32 Suite/bin/../lib/gcc/pic32mx/3.4.4/../../../../pic32mx/lib\libc.a(_exit.o)
 .bss           0xa0001a58        0x0 C:/Program Files (x86)/Microchip/MPLAB C32 Suite/bin/../lib/gcc/pic32mx/3.4.4/../../../../pic32mx/lib\libc.a(memset.o)
 .bss           0xa0001a58        0x4 C:/Program Files (x86)/Microchip/MPLAB C32 Suite/bin/../lib/gcc/pic32mx/3.4.4/../../../../pic32mx/lib\libc.a(stubs.o)
                0xa0001a58                __isthreaded
 .bss           0xa0001a5c        0x0 C:/Program Files (x86)/Microchip/MPLAB C32 Suite/bin/../lib/gcc/pic32mx/3.4.4/../../../../pic32mx/lib\libmchp_peripheral_32MX440F128H.a(soft_reset_lib.o)
 .bss           0xa0001a5c        0x0 C:/Program Files (x86)/Microchip/MPLAB C32 Suite/bin/../lib/gcc/pic32mx/3.4.4/../../../../pic32mx/lib\libmchp_peripheral_32MX440F128H.a(pcache.o)
 .bss           0xa0001a5c        0x0 C:/Program Files (x86)/Microchip/MPLAB C32 Suite/bin/../lib/gcc/pic32mx/3.4.4/../../../../pic32mx/lib\libmchp_peripheral_32MX440F128H.a(int_configure_system_lib.o)
 .bss           0xa0001a5c        0x0 C:/Program Files (x86)/Microchip/MPLAB C32 Suite/bin/../lib/gcc/pic32mx/3.4.4/../../../../pic32mx/lib\libmchp_peripheral_32MX440F128H.a(int_enable_interrupts_lib.o)
 .bss           0xa0001a5c        0x0 C:/Program Files (x86)/Microchip/MPLAB C32 Suite/bin/../lib/gcc/pic32mx/3.4.4/../../../../pic32mx/lib\libmchp_peripheral_32MX440F128H.a(int_disable_interrupts_lib.o)
 .bss           0xa0001a5c        0x0 C:/Program Files (x86)/Microchip/MPLAB C32 Suite/bin/../lib/gcc/pic32mx/3.4.4/../../../../pic32mx/lib\libmchp_peripheral_32MX440F128H.a(int_restore_interrupts_lib.o)
 .bss           0xa0001a5c        0x0 C:/Program Files (x86)/Microchip/MPLAB C32 Suite/bin/../lib/gcc/pic32mx/3.4.4/../../../../pic32mx/lib\libmchp_peripheral_32MX440F128H.a(int_enable_mv_int_lib.o)
 .bss           0xa0001a5c        0x0 C:/Program Files (x86)/Microchip/MPLAB C32 Suite/bin/../lib/gcc/pic32mx/3.4.4/../../../../pic32mx/lib\libmchp_peripheral_32MX440F128H.a(int_tbl_lib.o)
 *(COMMON)
 COMMON         0xa0001a5c       0xc4 ..\..\..\..\..\Documents\pic32_work\mouse\Intermediary\cmi_mouse.o
                0xa0001a5c                Appl_Mouse_Buttons_Details
                0xa0001a68                Appl_XY_report_buffer
                0xa0001a78                Appl_XY_Axis_Details
                0xa0001a84                vsync_history
                0xa0001ac4                Appl_Button_report_buffer
                0xa0001ad4                Appl_raw_report_buffer
                0xa0001ae0                pos_history
                0xa0001b20                . = ALIGN (0x4)
                0xa0001b20                . = ALIGN (0x4)
                0xa0001b20                _end = .
                0xa0001b20                _bss_end = .

.heap           0xa0001b20        0x0 load address 0x9d01f308
                0xa0001b20                _heap = .
                0xa0003b20                . = (. + _min_heap_size)

.stack          0xa0001b20      0x400 load address 0x9d01f308
                0xa0001b20                _splim = .
                0xa0001b20                _SPLIM = .
                0xa0003b20                . = (. + _min_stack_size)
 *fill*         0xa0001b20      0x400 00

.ramfunc        0xa0002000        0x0 load address 0x9d01f308
                0xa0002000                _ramfunc_begin = .
 *(.ramfunc .ramfunc.*)
                0xa0002000                . = ALIGN (0x4)
                0xa0002000                _ramfunc_end = .
                0x9d01f308                _ramfunc_image_begin = LOADADDR (.ramfunc)
                0x00000000                _ramfunc_length = SIZEOF (.ramfunc)
                0x00002000                _bmxdkpba_address = (_ramfunc_begin - 0xa0000000)
                0x00008000                _bmxdudba_address = 0x8000
                0x00008000                _bmxdupba_address = 0x8000
                0xa0008000                _stack = (_ramfunc_length > 0x0)?(_ramfunc_begin - 0x4):0xa0008000
                0x00000001                ASSERT (((_min_stack_size + _min_heap_size) <= (_stack - _heap)), Not enough space to allocate both stack and heap.  Reduce heap and/or stack size.)

.pdr            0x00000000     0x1220
 *(.pdr)
 .pdr           0x00000000       0xa0 C:/Program Files (x86)/Microchip/MPLAB C32 Suite/bin/../lib/gcc/pic32mx/3.4.4/../../../../pic32mx/lib/crt0.o
 .pdr           0x000000a0      0x100 ..\..\..\..\..\Documents\pic32_work\mouse\Intermediary\uart_lib.o
 .pdr           0x000001a0      0x1e0 ..\..\..\..\..\Documents\pic32_work\mouse\Intermediary\cmi_mouse.o
 .pdr           0x00000380        0x0 ..\..\..\..\..\Documents\pic32_work\mouse\Intermediary\usb_config.o
 .pdr           0x00000380      0x200 ..\..\..\..\..\Documents\pic32_work\mouse\Intermediary\usb_host_hid.o
 .pdr           0x00000580       0xe0 ..\..\..\..\..\Documents\pic32_work\mouse\Intermediary\usb_host_hid_parser.o
 .pdr           0x00000660      0x4a0 ..\..\..\..\..\Documents\pic32_work\mouse\Intermediary\usb_host.o
 .pdr           0x00000b00       0x20 ..\..\..\..\..\Documents\pic32_work\mouse\Intermediary\exceptions.o
 .pdr           0x00000b20        0x0 C:/Program Files (x86)/Microchip/MPLAB C32 Suite/bin/../lib/gcc/pic32mx/3.4.4/../../../../pic32mx/lib/./proc/32MX440F128H\processor.o
 .pdr           0x00000b20       0x20 C:/Program Files (x86)/Microchip/MPLAB C32 Suite/bin/../lib/gcc/pic32mx/3.4.4/../../../../pic32mx/lib\libc.a(memcpy.o)
 .pdr           0x00000b40       0x20 C:/Program Files (x86)/Microchip/MPLAB C32 Suite/bin/../lib/gcc/pic32mx/3.4.4/../../../../pic32mx/lib\libc.a(general-exception.o)
 .pdr           0x00000b60       0x20 C:/Program Files (x86)/Microchip/MPLAB C32 Suite/bin/../lib/gcc/pic32mx/3.4.4/../../../../pic32mx/lib\libc.a(exit.o)
 .pdr           0x00000b80       0x60 C:/Program Files (x86)/Microchip/MPLAB C32 Suite/bin/../lib/gcc/pic32mx/3.4.4/../../../../pic32mx/lib\libc.a(malloc.o)
 .pdr           0x00000be0        0x0 C:/Program Files (x86)/Microchip/MPLAB C32 Suite/bin/../lib/gcc/pic32mx/3.4.4/../../../../pic32mx/lib\libc.a(errno.o)
 .pdr           0x00000be0       0xa0 C:/Program Files (x86)/Microchip/MPLAB C32 Suite/bin/../lib/gcc/pic32mx/3.4.4/../../../../pic32mx/lib\libc.a(sbrk.o)
 .pdr           0x00000c80       0x20 C:/Program Files (x86)/Microchip/MPLAB C32 Suite/bin/../lib/gcc/pic32mx/3.4.4/../../../../pic32mx/lib\libc.a(default-bootstrap-exception-handler.o)
 .pdr           0x00000ca0       0x20 C:/Program Files (x86)/Microchip/MPLAB C32 Suite/bin/../lib/gcc/pic32mx/3.4.4/../../../../pic32mx/lib\libc.a(default-on-reset.o)
 .pdr           0x00000cc0       0x20 C:/Program Files (x86)/Microchip/MPLAB C32 Suite/bin/../lib/gcc/pic32mx/3.4.4/../../../../pic32mx/lib\libc.a(default-on-bootstrap.o)
 .pdr           0x00000ce0       0x20 C:/Program Files (x86)/Microchip/MPLAB C32 Suite/bin/../lib/gcc/pic32mx/3.4.4/../../../../pic32mx/lib\libc.a(default-nmi-handler.o)
 .pdr           0x00000d00       0x20 C:/Program Files (x86)/Microchip/MPLAB C32 Suite/bin/../lib/gcc/pic32mx/3.4.4/../../../../pic32mx/lib\libc.a(_exit.o)
 .pdr           0x00000d20       0x20 C:/Program Files (x86)/Microchip/MPLAB C32 Suite/bin/../lib/gcc/pic32mx/3.4.4/../../../../pic32mx/lib\libc.a(memset.o)
 .pdr           0x00000d40      0x2c0 C:/Program Files (x86)/Microchip/MPLAB C32 Suite/bin/../lib/gcc/pic32mx/3.4.4/../../../../pic32mx/lib\libc.a(stubs.o)
 .pdr           0x00001000       0x20 C:/Program Files (x86)/Microchip/MPLAB C32 Suite/bin/../lib/gcc/pic32mx/3.4.4/../../../../pic32mx/lib\libmchp_peripheral_32MX440F128H.a(soft_reset_lib.o)
 .pdr           0x00001020       0x40 C:/Program Files (x86)/Microchip/MPLAB C32 Suite/bin/../lib/gcc/pic32mx/3.4.4/../../../../pic32mx/lib\libmchp_peripheral_32MX440F128H.a(pcache.o)
 .pdr           0x00001060       0x20 C:/Program Files (x86)/Microchip/MPLAB C32 Suite/bin/../lib/gcc/pic32mx/3.4.4/../../../../pic32mx/lib\libmchp_peripheral_32MX440F128H.a(int_configure_system_lib.o)
 .pdr           0x00001080       0x20 C:/Program Files (x86)/Microchip/MPLAB C32 Suite/bin/../lib/gcc/pic32mx/3.4.4/../../../../pic32mx/lib\libmchp_peripheral_32MX440F128H.a(int_enable_interrupts_lib.o)
 .pdr           0x000010a0       0x20 C:/Program Files (x86)/Microchip/MPLAB C32 Suite/bin/../lib/gcc/pic32mx/3.4.4/../../../../pic32mx/lib\libmchp_peripheral_32MX440F128H.a(int_disable_interrupts_lib.o)
 .pdr           0x000010c0       0x20 C:/Program Files (x86)/Microchip/MPLAB C32 Suite/bin/../lib/gcc/pic32mx/3.4.4/../../../../pic32mx/lib\libmchp_peripheral_32MX440F128H.a(int_restore_interrupts_lib.o)
 .pdr           0x000010e0       0x20 C:/Program Files (x86)/Microchip/MPLAB C32 Suite/bin/../lib/gcc/pic32mx/3.4.4/../../../../pic32mx/lib\libmchp_peripheral_32MX440F128H.a(int_enable_mv_int_lib.o)
 .pdr           0x00001100      0x120 C:/Program Files (x86)/Microchip/MPLAB C32 Suite/bin/../lib/gcc/pic32mx/3.4.4/../../../../pic32mx/lib\libmchp_peripheral_32MX440F128H.a(int_tbl_lib.o)

.reginfo        0x00000000       0x18
 *(.reginfo)
 .reginfo       0x00000000       0x18 C:/Program Files (x86)/Microchip/MPLAB C32 Suite/bin/../lib/gcc/pic32mx/3.4.4/../../../../pic32mx/lib/crt0.o

.stab
 *(.stab)

.stabstr
 *(.stabstr)

.stab.excl
 *(.stab.excl)

.stab.exclstr
 *(.stab.exclstr)

.stab.index
 *(.stab.index)

.stab.indexstr
 *(.stab.indexstr)

.mdebug.abi32   0x00000000        0x0
 .mdebug.abi32  0x00000000        0x0 ..\..\..\..\..\Documents\pic32_work\mouse\Intermediary\uart_lib.o
 .mdebug.abi32  0x00000000        0x0 ..\..\..\..\..\Documents\pic32_work\mouse\Intermediary\cmi_mouse.o
 .mdebug.abi32  0x00000000        0x0 ..\..\..\..\..\Documents\pic32_work\mouse\Intermediary\usb_config.o
 .mdebug.abi32  0x00000000        0x0 ..\..\..\..\..\Documents\pic32_work\mouse\Intermediary\usb_host_hid.o
 .mdebug.abi32  0x00000000        0x0 ..\..\..\..\..\Documents\pic32_work\mouse\Intermediary\usb_host_hid_parser.o
 .mdebug.abi32  0x00000000        0x0 ..\..\..\..\..\Documents\pic32_work\mouse\Intermediary\usb_host.o
 .mdebug.abi32  0x00000000        0x0 ..\..\..\..\..\Documents\pic32_work\mouse\Intermediary\exceptions.o
 .mdebug.abi32  0x00000000        0x0 C:/Program Files (x86)/Microchip/MPLAB C32 Suite/bin/../lib/gcc/pic32mx/3.4.4/../../../../pic32mx/lib\libc.a(exit.o)
 .mdebug.abi32  0x00000000        0x0 C:/Program Files (x86)/Microchip/MPLAB C32 Suite/bin/../lib/gcc/pic32mx/3.4.4/../../../../pic32mx/lib\libc.a(malloc.o)
 .mdebug.abi32  0x00000000        0x0 C:/Program Files (x86)/Microchip/MPLAB C32 Suite/bin/../lib/gcc/pic32mx/3.4.4/../../../../pic32mx/lib\libc.a(errno.o)
 .mdebug.abi32  0x00000000        0x0 C:/Program Files (x86)/Microchip/MPLAB C32 Suite/bin/../lib/gcc/pic32mx/3.4.4/../../../../pic32mx/lib\libc.a(sbrk.o)
 .mdebug.abi32  0x00000000        0x0 C:/Program Files (x86)/Microchip/MPLAB C32 Suite/bin/../lib/gcc/pic32mx/3.4.4/../../../../pic32mx/lib\libc.a(default-bootstrap-exception-handler.o)
 .mdebug.abi32  0x00000000        0x0 C:/Program Files (x86)/Microchip/MPLAB C32 Suite/bin/../lib/gcc/pic32mx/3.4.4/../../../../pic32mx/lib\libc.a(default-on-reset.o)
 .mdebug.abi32  0x00000000        0x0 C:/Program Files (x86)/Microchip/MPLAB C32 Suite/bin/../lib/gcc/pic32mx/3.4.4/../../../../pic32mx/lib\libc.a(default-on-bootstrap.o)
 .mdebug.abi32  0x00000000        0x0 C:/Program Files (x86)/Microchip/MPLAB C32 Suite/bin/../lib/gcc/pic32mx/3.4.4/../../../../pic32mx/lib\libc.a(_exit.o)
 .mdebug.abi32  0x00000000        0x0 C:/Program Files (x86)/Microchip/MPLAB C32 Suite/bin/../lib/gcc/pic32mx/3.4.4/../../../../pic32mx/lib\libc.a(stubs.o)
 .mdebug.abi32  0x00000000        0x0 C:/Program Files (x86)/Microchip/MPLAB C32 Suite/bin/../lib/gcc/pic32mx/3.4.4/../../../../pic32mx/lib\libmchp_peripheral_32MX440F128H.a(soft_reset_lib.o)
 .mdebug.abi32  0x00000000        0x0 C:/Program Files (x86)/Microchip/MPLAB C32 Suite/bin/../lib/gcc/pic32mx/3.4.4/../../../../pic32mx/lib\libmchp_peripheral_32MX440F128H.a(pcache.o)
 .mdebug.abi32  0x00000000        0x0 C:/Program Files (x86)/Microchip/MPLAB C32 Suite/bin/../lib/gcc/pic32mx/3.4.4/../../../../pic32mx/lib\libmchp_peripheral_32MX440F128H.a(int_configure_system_lib.o)
 .mdebug.abi32  0x00000000        0x0 C:/Program Files (x86)/Microchip/MPLAB C32 Suite/bin/../lib/gcc/pic32mx/3.4.4/../../../../pic32mx/lib\libmchp_peripheral_32MX440F128H.a(int_enable_interrupts_lib.o)
 .mdebug.abi32  0x00000000        0x0 C:/Program Files (x86)/Microchip/MPLAB C32 Suite/bin/../lib/gcc/pic32mx/3.4.4/../../../../pic32mx/lib\libmchp_peripheral_32MX440F128H.a(int_disable_interrupts_lib.o)
 .mdebug.abi32  0x00000000        0x0 C:/Program Files (x86)/Microchip/MPLAB C32 Suite/bin/../lib/gcc/pic32mx/3.4.4/../../../../pic32mx/lib\libmchp_peripheral_32MX440F128H.a(int_restore_interrupts_lib.o)
 .mdebug.abi32  0x00000000        0x0 C:/Program Files (x86)/Microchip/MPLAB C32 Suite/bin/../lib/gcc/pic32mx/3.4.4/../../../../pic32mx/lib\libmchp_peripheral_32MX440F128H.a(int_enable_mv_int_lib.o)
 .mdebug.abi32  0x00000000        0x0 C:/Program Files (x86)/Microchip/MPLAB C32 Suite/bin/../lib/gcc/pic32mx/3.4.4/../../../../pic32mx/lib\libmchp_peripheral_32MX440F128H.a(int_tbl_lib.o)

.comment        0x00000000      0x90a
 *(.comment)
 .comment       0x00000000       0x50 ..\..\..\..\..\Documents\pic32_work\mouse\Intermediary\uart_lib.o
 .comment       0x00000050       0x50 ..\..\..\..\..\Documents\pic32_work\mouse\Intermediary\cmi_mouse.o
 .comment       0x000000a0       0x50 ..\..\..\..\..\Documents\pic32_work\mouse\Intermediary\usb_config.o
 .comment       0x000000f0       0x50 ..\..\..\..\..\Documents\pic32_work\mouse\Intermediary\usb_host_hid.o
 .comment       0x00000140       0x50 ..\..\..\..\..\Documents\pic32_work\mouse\Intermediary\usb_host_hid_parser.o
 .comment       0x00000190       0x50 ..\..\..\..\..\Documents\pic32_work\mouse\Intermediary\usb_host.o
 .comment       0x000001e0       0x50 ..\..\..\..\..\Documents\pic32_work\mouse\Intermediary\exceptions.o
 .comment       0x00000230       0x9d C:/Program Files (x86)/Microchip/MPLAB C32 Suite/bin/../lib/gcc/pic32mx/3.4.4/../../../../pic32mx/lib\libc.a(exit.o)
 .comment       0x000002cd       0x50 C:/Program Files (x86)/Microchip/MPLAB C32 Suite/bin/../lib/gcc/pic32mx/3.4.4/../../../../pic32mx/lib\libc.a(malloc.o)
 .comment       0x0000031d       0x9e C:/Program Files (x86)/Microchip/MPLAB C32 Suite/bin/../lib/gcc/pic32mx/3.4.4/../../../../pic32mx/lib\libc.a(errno.o)
 .comment       0x000003bb       0x9b C:/Program Files (x86)/Microchip/MPLAB C32 Suite/bin/../lib/gcc/pic32mx/3.4.4/../../../../pic32mx/lib\libc.a(sbrk.o)
 .comment       0x00000456       0x50 C:/Program Files (x86)/Microchip/MPLAB C32 Suite/bin/../lib/gcc/pic32mx/3.4.4/../../../../pic32mx/lib\libc.a(default-bootstrap-exception-handler.o)
 .comment       0x000004a6       0x50 C:/Program Files (x86)/Microchip/MPLAB C32 Suite/bin/../lib/gcc/pic32mx/3.4.4/../../../../pic32mx/lib\libc.a(default-on-reset.o)
 .comment       0x000004f6       0x50 C:/Program Files (x86)/Microchip/MPLAB C32 Suite/bin/../lib/gcc/pic32mx/3.4.4/../../../../pic32mx/lib\libc.a(default-on-bootstrap.o)
 .comment       0x00000546       0x50 C:/Program Files (x86)/Microchip/MPLAB C32 Suite/bin/../lib/gcc/pic32mx/3.4.4/../../../../pic32mx/lib\libc.a(_exit.o)
 .comment       0x00000596       0x56 C:/Program Files (x86)/Microchip/MPLAB C32 Suite/bin/../lib/gcc/pic32mx/3.4.4/../../../../pic32mx/lib\libc.a(memset.o)
 .comment       0x000005ec       0x9e C:/Program Files (x86)/Microchip/MPLAB C32 Suite/bin/../lib/gcc/pic32mx/3.4.4/../../../../pic32mx/lib\libc.a(stubs.o)
 .comment       0x0000068a       0x50 C:/Program Files (x86)/Microchip/MPLAB C32 Suite/bin/../lib/gcc/pic32mx/3.4.4/../../../../pic32mx/lib\libmchp_peripheral_32MX440F128H.a(soft_reset_lib.o)
 .comment       0x000006da       0x50 C:/Program Files (x86)/Microchip/MPLAB C32 Suite/bin/../lib/gcc/pic32mx/3.4.4/../../../../pic32mx/lib\libmchp_peripheral_32MX440F128H.a(pcache.o)
 .comment       0x0000072a       0x50 C:/Program Files (x86)/Microchip/MPLAB C32 Suite/bin/../lib/gcc/pic32mx/3.4.4/../../../../pic32mx/lib\libmchp_peripheral_32MX440F128H.a(int_configure_system_lib.o)
 .comment       0x0000077a       0x50 C:/Program Files (x86)/Microchip/MPLAB C32 Suite/bin/../lib/gcc/pic32mx/3.4.4/../../../../pic32mx/lib\libmchp_peripheral_32MX440F128H.a(int_enable_interrupts_lib.o)
 .comment       0x000007ca       0x50 C:/Program Files (x86)/Microchip/MPLAB C32 Suite/bin/../lib/gcc/pic32mx/3.4.4/../../../../pic32mx/lib\libmchp_peripheral_32MX440F128H.a(int_disable_interrupts_lib.o)
 .comment       0x0000081a       0x50 C:/Program Files (x86)/Microchip/MPLAB C32 Suite/bin/../lib/gcc/pic32mx/3.4.4/../../../../pic32mx/lib\libmchp_peripheral_32MX440F128H.a(int_restore_interrupts_lib.o)
 .comment       0x0000086a       0x50 C:/Program Files (x86)/Microchip/MPLAB C32 Suite/bin/../lib/gcc/pic32mx/3.4.4/../../../../pic32mx/lib\libmchp_peripheral_32MX440F128H.a(int_enable_mv_int_lib.o)
 .comment       0x000008ba       0x50 C:/Program Files (x86)/Microchip/MPLAB C32 Suite/bin/../lib/gcc/pic32mx/3.4.4/../../../../pic32mx/lib\libmchp_peripheral_32MX440F128H.a(int_tbl_lib.o)

.debug
 *(.debug)

.line
 *(.line)

.debug_srcinfo
 *(.debug_srcinfo)

.debug_sfnames
 *(.debug_sfnames)

.debug_aranges  0x00000000      0x460
 *(.debug_aranges)
 .debug_aranges
                0x00000000       0x20 ..\..\..\..\..\Documents\pic32_work\mouse\Intermediary\uart_lib.o
 .debug_aranges
                0x00000020       0x20 ..\..\..\..\..\Documents\pic32_work\mouse\Intermediary\cmi_mouse.o
 .debug_aranges
                0x00000040       0x20 ..\..\..\..\..\Documents\pic32_work\mouse\Intermediary\usb_host_hid.o
 .debug_aranges
                0x00000060       0x20 ..\..\..\..\..\Documents\pic32_work\mouse\Intermediary\usb_host_hid_parser.o
 .debug_aranges
                0x00000080       0x20 ..\..\..\..\..\Documents\pic32_work\mouse\Intermediary\usb_host.o
 .debug_aranges
                0x000000a0       0x20 ..\..\..\..\..\Documents\pic32_work\mouse\Intermediary\exceptions.o
 .debug_aranges
                0x000000c0       0x28 C:/Program Files (x86)/Microchip/MPLAB C32 Suite/bin/../lib/gcc/pic32mx/3.4.4/../../../../pic32mx/lib\libc.a(exit.o)
 .debug_aranges
                0x000000e8       0x38 C:/Program Files (x86)/Microchip/MPLAB C32 Suite/bin/../lib/gcc/pic32mx/3.4.4/../../../../pic32mx/lib\libc.a(malloc.o)
 .debug_aranges
                0x00000120       0x48 C:/Program Files (x86)/Microchip/MPLAB C32 Suite/bin/../lib/gcc/pic32mx/3.4.4/../../../../pic32mx/lib\libc.a(sbrk.o)
 .debug_aranges
                0x00000168       0x28 C:/Program Files (x86)/Microchip/MPLAB C32 Suite/bin/../lib/gcc/pic32mx/3.4.4/../../../../pic32mx/lib\libc.a(default-bootstrap-exception-handler.o)
 .debug_aranges
                0x00000190       0x28 C:/Program Files (x86)/Microchip/MPLAB C32 Suite/bin/../lib/gcc/pic32mx/3.4.4/../../../../pic32mx/lib\libc.a(default-on-reset.o)
 .debug_aranges
                0x000001b8       0x28 C:/Program Files (x86)/Microchip/MPLAB C32 Suite/bin/../lib/gcc/pic32mx/3.4.4/../../../../pic32mx/lib\libc.a(default-on-bootstrap.o)
 .debug_aranges
                0x000001e0       0x28 C:/Program Files (x86)/Microchip/MPLAB C32 Suite/bin/../lib/gcc/pic32mx/3.4.4/../../../../pic32mx/lib\libc.a(_exit.o)
 .debug_aranges
                0x00000208       0xd0 C:/Program Files (x86)/Microchip/MPLAB C32 Suite/bin/../lib/gcc/pic32mx/3.4.4/../../../../pic32mx/lib\libc.a(stubs.o)
 .debug_aranges
                0x000002d8       0x28 C:/Program Files (x86)/Microchip/MPLAB C32 Suite/bin/../lib/gcc/pic32mx/3.4.4/../../../../pic32mx/lib\libmchp_peripheral_32MX440F128H.a(soft_reset_lib.o)
 .debug_aranges
                0x00000300       0x30 C:/Program Files (x86)/Microchip/MPLAB C32 Suite/bin/../lib/gcc/pic32mx/3.4.4/../../../../pic32mx/lib\libmchp_peripheral_32MX440F128H.a(pcache.o)
 .debug_aranges
                0x00000330       0x28 C:/Program Files (x86)/Microchip/MPLAB C32 Suite/bin/../lib/gcc/pic32mx/3.4.4/../../../../pic32mx/lib\libmchp_peripheral_32MX440F128H.a(int_configure_system_lib.o)
 .debug_aranges
                0x00000358       0x28 C:/Program Files (x86)/Microchip/MPLAB C32 Suite/bin/../lib/gcc/pic32mx/3.4.4/../../../../pic32mx/lib\libmchp_peripheral_32MX440F128H.a(int_enable_interrupts_lib.o)
 .debug_aranges
                0x00000380       0x28 C:/Program Files (x86)/Microchip/MPLAB C32 Suite/bin/../lib/gcc/pic32mx/3.4.4/../../../../pic32mx/lib\libmchp_peripheral_32MX440F128H.a(int_disable_interrupts_lib.o)
 .debug_aranges
                0x000003a8       0x28 C:/Program Files (x86)/Microchip/MPLAB C32 Suite/bin/../lib/gcc/pic32mx/3.4.4/../../../../pic32mx/lib\libmchp_peripheral_32MX440F128H.a(int_restore_interrupts_lib.o)
 .debug_aranges
                0x000003d0       0x28 C:/Program Files (x86)/Microchip/MPLAB C32 Suite/bin/../lib/gcc/pic32mx/3.4.4/../../../../pic32mx/lib\libmchp_peripheral_32MX440F128H.a(int_enable_mv_int_lib.o)
 .debug_aranges
                0x000003f8       0x68 C:/Program Files (x86)/Microchip/MPLAB C32 Suite/bin/../lib/gcc/pic32mx/3.4.4/../../../../pic32mx/lib\libmchp_peripheral_32MX440F128H.a(int_tbl_lib.o)

.debug_pubnames
                0x00000000     0x1130
 *(.debug_pubnames)
 .debug_pubnames
                0x00000000       0xbd ..\..\..\..\..\Documents\pic32_work\mouse\Intermediary\uart_lib.o
 .debug_pubnames
                0x000000bd      0x3a8 ..\..\..\..\..\Documents\pic32_work\mouse\Intermediary\cmi_mouse.o
 .debug_pubnames
                0x00000465       0x33 ..\..\..\..\..\Documents\pic32_work\mouse\Intermediary\usb_config.o
 .debug_pubnames
                0x00000498      0x1e7 ..\..\..\..\..\Documents\pic32_work\mouse\Intermediary\usb_host_hid.o
 .debug_pubnames
                0x0000067f       0x7c ..\..\..\..\..\Documents\pic32_work\mouse\Intermediary\usb_host_hid_parser.o
 .debug_pubnames
                0x000006fb      0x3e6 ..\..\..\..\..\Documents\pic32_work\mouse\Intermediary\usb_host.o
 .debug_pubnames
                0x00000ae1       0x31 ..\..\..\..\..\Documents\pic32_work\mouse\Intermediary\exceptions.o
 .debug_pubnames
                0x00000b12       0x1b C:/Program Files (x86)/Microchip/MPLAB C32 Suite/bin/../lib/gcc/pic32mx/3.4.4/../../../../pic32mx/lib\libc.a(exit.o)
 .debug_pubnames
                0x00000b2d       0x36 C:/Program Files (x86)/Microchip/MPLAB C32 Suite/bin/../lib/gcc/pic32mx/3.4.4/../../../../pic32mx/lib\libc.a(malloc.o)
 .debug_pubnames
                0x00000b63       0x5c C:/Program Files (x86)/Microchip/MPLAB C32 Suite/bin/../lib/gcc/pic32mx/3.4.4/../../../../pic32mx/lib\libc.a(sbrk.o)
 .debug_pubnames
                0x00000bbf       0x33 C:/Program Files (x86)/Microchip/MPLAB C32 Suite/bin/../lib/gcc/pic32mx/3.4.4/../../../../pic32mx/lib\libc.a(default-bootstrap-exception-handler.o)
 .debug_pubnames
                0x00000bf2       0x20 C:/Program Files (x86)/Microchip/MPLAB C32 Suite/bin/../lib/gcc/pic32mx/3.4.4/../../../../pic32mx/lib\libc.a(default-on-reset.o)
 .debug_pubnames
                0x00000c12       0x24 C:/Program Files (x86)/Microchip/MPLAB C32 Suite/bin/../lib/gcc/pic32mx/3.4.4/../../../../pic32mx/lib\libc.a(default-on-bootstrap.o)
 .debug_pubnames
                0x00000c36       0x1c C:/Program Files (x86)/Microchip/MPLAB C32 Suite/bin/../lib/gcc/pic32mx/3.4.4/../../../../pic32mx/lib\libc.a(_exit.o)
 .debug_pubnames
                0x00000c52      0x2da C:/Program Files (x86)/Microchip/MPLAB C32 Suite/bin/../lib/gcc/pic32mx/3.4.4/../../../../pic32mx/lib\libc.a(stubs.o)
 .debug_pubnames
                0x00000f2c       0x20 C:/Program Files (x86)/Microchip/MPLAB C32 Suite/bin/../lib/gcc/pic32mx/3.4.4/../../../../pic32mx/lib\libmchp_peripheral_32MX440F128H.a(soft_reset_lib.o)
 .debug_pubnames
                0x00000f4c       0x3b C:/Program Files (x86)/Microchip/MPLAB C32 Suite/bin/../lib/gcc/pic32mx/3.4.4/../../../../pic32mx/lib\libmchp_peripheral_32MX440F128H.a(pcache.o)
 .debug_pubnames
                0x00000f87       0x29 C:/Program Files (x86)/Microchip/MPLAB C32 Suite/bin/../lib/gcc/pic32mx/3.4.4/../../../../pic32mx/lib\libmchp_peripheral_32MX440F128H.a(int_configure_system_lib.o)
 .debug_pubnames
                0x00000fb0       0x2a C:/Program Files (x86)/Microchip/MPLAB C32 Suite/bin/../lib/gcc/pic32mx/3.4.4/../../../../pic32mx/lib\libmchp_peripheral_32MX440F128H.a(int_enable_interrupts_lib.o)
 .debug_pubnames
                0x00000fda       0x2b C:/Program Files (x86)/Microchip/MPLAB C32 Suite/bin/../lib/gcc/pic32mx/3.4.4/../../../../pic32mx/lib\libmchp_peripheral_32MX440F128H.a(int_disable_interrupts_lib.o)
 .debug_pubnames
                0x00001005       0x2b C:/Program Files (x86)/Microchip/MPLAB C32 Suite/bin/../lib/gcc/pic32mx/3.4.4/../../../../pic32mx/lib\libmchp_peripheral_32MX440F128H.a(int_restore_interrupts_lib.o)
 .debug_pubnames
                0x00001030       0x36 C:/Program Files (x86)/Microchip/MPLAB C32 Suite/bin/../lib/gcc/pic32mx/3.4.4/../../../../pic32mx/lib\libmchp_peripheral_32MX440F128H.a(int_enable_mv_int_lib.o)
 .debug_pubnames
                0x00001066       0xca C:/Program Files (x86)/Microchip/MPLAB C32 Suite/bin/../lib/gcc/pic32mx/3.4.4/../../../../pic32mx/lib\libmchp_peripheral_32MX440F128H.a(int_tbl_lib.o)

.debug_info     0x00000000     0xae59
 *(.debug_info .gnu.linkonce.wi.*)
 .debug_info    0x00000000      0xad1 ..\..\..\..\..\Documents\pic32_work\mouse\Intermediary\uart_lib.o
 .debug_info    0x00000ad1     0x2505 ..\..\..\..\..\Documents\pic32_work\mouse\Intermediary\cmi_mouse.o
 .debug_info    0x00002fd6      0xaf1 ..\..\..\..\..\Documents\pic32_work\mouse\Intermediary\usb_config.o
 .debug_info    0x00003ac7     0x22be ..\..\..\..\..\Documents\pic32_work\mouse\Intermediary\usb_host_hid.o
 .debug_info    0x00005d85     0x185f ..\..\..\..\..\Documents\pic32_work\mouse\Intermediary\usb_host_hid_parser.o
 .debug_info    0x000075e4     0x2ba4 ..\..\..\..\..\Documents\pic32_work\mouse\Intermediary\usb_host.o
 .debug_info    0x0000a188      0x745 ..\..\..\..\..\Documents\pic32_work\mouse\Intermediary\exceptions.o
 .debug_info    0x0000a8cd       0x30 C:/Program Files (x86)/Microchip/MPLAB C32 Suite/bin/../lib/gcc/pic32mx/3.4.4/../../../../pic32mx/lib\libc.a(exit.o)
 .debug_info    0x0000a8fd       0x57 C:/Program Files (x86)/Microchip/MPLAB C32 Suite/bin/../lib/gcc/pic32mx/3.4.4/../../../../pic32mx/lib\libc.a(malloc.o)
 .debug_info    0x0000a954        0x0 C:/Program Files (x86)/Microchip/MPLAB C32 Suite/bin/../lib/gcc/pic32mx/3.4.4/../../../../pic32mx/lib\libc.a(errno.o)
 .debug_info    0x0000a954       0x79 C:/Program Files (x86)/Microchip/MPLAB C32 Suite/bin/../lib/gcc/pic32mx/3.4.4/../../../../pic32mx/lib\libc.a(sbrk.o)
 .debug_info    0x0000a9cd       0x30 C:/Program Files (x86)/Microchip/MPLAB C32 Suite/bin/../lib/gcc/pic32mx/3.4.4/../../../../pic32mx/lib\libc.a(default-bootstrap-exception-handler.o)
 .debug_info    0x0000a9fd       0x30 C:/Program Files (x86)/Microchip/MPLAB C32 Suite/bin/../lib/gcc/pic32mx/3.4.4/../../../../pic32mx/lib\libc.a(default-on-reset.o)
 .debug_info    0x0000aa2d       0x30 C:/Program Files (x86)/Microchip/MPLAB C32 Suite/bin/../lib/gcc/pic32mx/3.4.4/../../../../pic32mx/lib\libc.a(default-on-bootstrap.o)
 .debug_info    0x0000aa5d       0x30 C:/Program Files (x86)/Microchip/MPLAB C32 Suite/bin/../lib/gcc/pic32mx/3.4.4/../../../../pic32mx/lib\libc.a(_exit.o)
 .debug_info    0x0000aa8d      0x1aa C:/Program Files (x86)/Microchip/MPLAB C32 Suite/bin/../lib/gcc/pic32mx/3.4.4/../../../../pic32mx/lib\libc.a(stubs.o)
 .debug_info    0x0000ac37       0x30 C:/Program Files (x86)/Microchip/MPLAB C32 Suite/bin/../lib/gcc/pic32mx/3.4.4/../../../../pic32mx/lib\libmchp_peripheral_32MX440F128H.a(soft_reset_lib.o)
 .debug_info    0x0000ac67       0x42 C:/Program Files (x86)/Microchip/MPLAB C32 Suite/bin/../lib/gcc/pic32mx/3.4.4/../../../../pic32mx/lib\libmchp_peripheral_32MX440F128H.a(pcache.o)
 .debug_info    0x0000aca9       0x30 C:/Program Files (x86)/Microchip/MPLAB C32 Suite/bin/../lib/gcc/pic32mx/3.4.4/../../../../pic32mx/lib\libmchp_peripheral_32MX440F128H.a(int_configure_system_lib.o)
 .debug_info    0x0000acd9       0x30 C:/Program Files (x86)/Microchip/MPLAB C32 Suite/bin/../lib/gcc/pic32mx/3.4.4/../../../../pic32mx/lib\libmchp_peripheral_32MX440F128H.a(int_enable_interrupts_lib.o)
 .debug_info    0x0000ad09       0x30 C:/Program Files (x86)/Microchip/MPLAB C32 Suite/bin/../lib/gcc/pic32mx/3.4.4/../../../../pic32mx/lib\libmchp_peripheral_32MX440F128H.a(int_disable_interrupts_lib.o)
 .debug_info    0x0000ad39       0x30 C:/Program Files (x86)/Microchip/MPLAB C32 Suite/bin/../lib/gcc/pic32mx/3.4.4/../../../../pic32mx/lib\libmchp_peripheral_32MX440F128H.a(int_restore_interrupts_lib.o)
 .debug_info    0x0000ad69       0x30 C:/Program Files (x86)/Microchip/MPLAB C32 Suite/bin/../lib/gcc/pic32mx/3.4.4/../../../../pic32mx/lib\libmchp_peripheral_32MX440F128H.a(int_enable_mv_int_lib.o)
 .debug_info    0x0000ad99       0xc0 C:/Program Files (x86)/Microchip/MPLAB C32 Suite/bin/../lib/gcc/pic32mx/3.4.4/../../../../pic32mx/lib\libmchp_peripheral_32MX440F128H.a(int_tbl_lib.o)

.debug_abbrev   0x00000000     0x11c2
 *(.debug_abbrev)
 .debug_abbrev  0x00000000      0x1dc ..\..\..\..\..\Documents\pic32_work\mouse\Intermediary\uart_lib.o
 .debug_abbrev  0x000001dc      0x332 ..\..\..\..\..\Documents\pic32_work\mouse\Intermediary\cmi_mouse.o
 .debug_abbrev  0x0000050e      0x1b3 ..\..\..\..\..\Documents\pic32_work\mouse\Intermediary\usb_config.o
 .debug_abbrev  0x000006c1      0x231 ..\..\..\..\..\Documents\pic32_work\mouse\Intermediary\usb_host_hid.o
 .debug_abbrev  0x000008f2      0x292 ..\..\..\..\..\Documents\pic32_work\mouse\Intermediary\usb_host_hid_parser.o
 .debug_abbrev  0x00000b84      0x2b9 ..\..\..\..\..\Documents\pic32_work\mouse\Intermediary\usb_host.o
 .debug_abbrev  0x00000e3d      0x141 ..\..\..\..\..\Documents\pic32_work\mouse\Intermediary\exceptions.o
 .debug_abbrev  0x00000f7e       0x23 C:/Program Files (x86)/Microchip/MPLAB C32 Suite/bin/../lib/gcc/pic32mx/3.4.4/../../../../pic32mx/lib\libc.a(exit.o)
 .debug_abbrev  0x00000fa1       0x23 C:/Program Files (x86)/Microchip/MPLAB C32 Suite/bin/../lib/gcc/pic32mx/3.4.4/../../../../pic32mx/lib\libc.a(malloc.o)
 .debug_abbrev  0x00000fc4        0x1 C:/Program Files (x86)/Microchip/MPLAB C32 Suite/bin/../lib/gcc/pic32mx/3.4.4/../../../../pic32mx/lib\libc.a(errno.o)
 .debug_abbrev  0x00000fc5       0x36 C:/Program Files (x86)/Microchip/MPLAB C32 Suite/bin/../lib/gcc/pic32mx/3.4.4/../../../../pic32mx/lib\libc.a(sbrk.o)
 .debug_abbrev  0x00000ffb       0x23 C:/Program Files (x86)/Microchip/MPLAB C32 Suite/bin/../lib/gcc/pic32mx/3.4.4/../../../../pic32mx/lib\libc.a(default-bootstrap-exception-handler.o)
 .debug_abbrev  0x0000101e       0x23 C:/Program Files (x86)/Microchip/MPLAB C32 Suite/bin/../lib/gcc/pic32mx/3.4.4/../../../../pic32mx/lib\libc.a(default-on-reset.o)
 .debug_abbrev  0x00001041       0x23 C:/Program Files (x86)/Microchip/MPLAB C32 Suite/bin/../lib/gcc/pic32mx/3.4.4/../../../../pic32mx/lib\libc.a(default-on-bootstrap.o)
 .debug_abbrev  0x00001064       0x23 C:/Program Files (x86)/Microchip/MPLAB C32 Suite/bin/../lib/gcc/pic32mx/3.4.4/../../../../pic32mx/lib\libc.a(_exit.o)
 .debug_abbrev  0x00001087       0x23 C:/Program Files (x86)/Microchip/MPLAB C32 Suite/bin/../lib/gcc/pic32mx/3.4.4/../../../../pic32mx/lib\libc.a(stubs.o)
 .debug_abbrev  0x000010aa       0x23 C:/Program Files (x86)/Microchip/MPLAB C32 Suite/bin/../lib/gcc/pic32mx/3.4.4/../../../../pic32mx/lib\libmchp_peripheral_32MX440F128H.a(soft_reset_lib.o)
 .debug_abbrev  0x000010cd       0x23 C:/Program Files (x86)/Microchip/MPLAB C32 Suite/bin/../lib/gcc/pic32mx/3.4.4/../../../../pic32mx/lib\libmchp_peripheral_32MX440F128H.a(pcache.o)
 .debug_abbrev  0x000010f0       0x23 C:/Program Files (x86)/Microchip/MPLAB C32 Suite/bin/../lib/gcc/pic32mx/3.4.4/../../../../pic32mx/lib\libmchp_peripheral_32MX440F128H.a(int_configure_system_lib.o)
 .debug_abbrev  0x00001113       0x23 C:/Program Files (x86)/Microchip/MPLAB C32 Suite/bin/../lib/gcc/pic32mx/3.4.4/../../../../pic32mx/lib\libmchp_peripheral_32MX440F128H.a(int_enable_interrupts_lib.o)
 .debug_abbrev  0x00001136       0x23 C:/Program Files (x86)/Microchip/MPLAB C32 Suite/bin/../lib/gcc/pic32mx/3.4.4/../../../../pic32mx/lib\libmchp_peripheral_32MX440F128H.a(int_disable_interrupts_lib.o)
 .debug_abbrev  0x00001159       0x23 C:/Program Files (x86)/Microchip/MPLAB C32 Suite/bin/../lib/gcc/pic32mx/3.4.4/../../../../pic32mx/lib\libmchp_peripheral_32MX440F128H.a(int_restore_interrupts_lib.o)
 .debug_abbrev  0x0000117c       0x23 C:/Program Files (x86)/Microchip/MPLAB C32 Suite/bin/../lib/gcc/pic32mx/3.4.4/../../../../pic32mx/lib\libmchp_peripheral_32MX440F128H.a(int_enable_mv_int_lib.o)
 .debug_abbrev  0x0000119f       0x23 C:/Program Files (x86)/Microchip/MPLAB C32 Suite/bin/../lib/gcc/pic32mx/3.4.4/../../../../pic32mx/lib\libmchp_peripheral_32MX440F128H.a(int_tbl_lib.o)

.debug_line     0x00000000     0x286d
 *(.debug_line)
 .debug_line    0x00000000      0x23e ..\..\..\..\..\Documents\pic32_work\mouse\Intermediary\uart_lib.o
 .debug_line    0x0000023e      0x477 ..\..\..\..\..\Documents\pic32_work\mouse\Intermediary\cmi_mouse.o
 .debug_line    0x000006b5      0x1b7 ..\..\..\..\..\Documents\pic32_work\mouse\Intermediary\usb_config.o
 .debug_line    0x0000086c      0x5c0 ..\..\..\..\..\Documents\pic32_work\mouse\Intermediary\usb_host_hid.o
 .debug_line    0x00000e2c      0x4cf ..\..\..\..\..\Documents\pic32_work\mouse\Intermediary\usb_host_hid_parser.o
 .debug_line    0x000012fb      0xa5c ..\..\..\..\..\Documents\pic32_work\mouse\Intermediary\usb_host.o
 .debug_line    0x00001d57      0x17d ..\..\..\..\..\Documents\pic32_work\mouse\Intermediary\exceptions.o
 .debug_line    0x00001ed4       0x85 C:/Program Files (x86)/Microchip/MPLAB C32 Suite/bin/../lib/gcc/pic32mx/3.4.4/../../../../pic32mx/lib\libc.a(exit.o)
 .debug_line    0x00001f59       0x87 C:/Program Files (x86)/Microchip/MPLAB C32 Suite/bin/../lib/gcc/pic32mx/3.4.4/../../../../pic32mx/lib\libc.a(malloc.o)
 .debug_line    0x00001fe0        0x0 C:/Program Files (x86)/Microchip/MPLAB C32 Suite/bin/../lib/gcc/pic32mx/3.4.4/../../../../pic32mx/lib\libc.a(errno.o)
 .debug_line    0x00001fe0       0x87 C:/Program Files (x86)/Microchip/MPLAB C32 Suite/bin/../lib/gcc/pic32mx/3.4.4/../../../../pic32mx/lib\libc.a(sbrk.o)
 .debug_line    0x00002067       0xa6 C:/Program Files (x86)/Microchip/MPLAB C32 Suite/bin/../lib/gcc/pic32mx/3.4.4/../../../../pic32mx/lib\libc.a(default-bootstrap-exception-handler.o)
 .debug_line    0x0000210d       0x93 C:/Program Files (x86)/Microchip/MPLAB C32 Suite/bin/../lib/gcc/pic32mx/3.4.4/../../../../pic32mx/lib\libc.a(default-on-reset.o)
 .debug_line    0x000021a0       0x97 C:/Program Files (x86)/Microchip/MPLAB C32 Suite/bin/../lib/gcc/pic32mx/3.4.4/../../../../pic32mx/lib\libc.a(default-on-bootstrap.o)
 .debug_line    0x00002237       0x88 C:/Program Files (x86)/Microchip/MPLAB C32 Suite/bin/../lib/gcc/pic32mx/3.4.4/../../../../pic32mx/lib\libc.a(_exit.o)
 .debug_line    0x000022bf       0x88 C:/Program Files (x86)/Microchip/MPLAB C32 Suite/bin/../lib/gcc/pic32mx/3.4.4/../../../../pic32mx/lib\libc.a(stubs.o)
 .debug_line    0x00002347       0xa1 C:/Program Files (x86)/Microchip/MPLAB C32 Suite/bin/../lib/gcc/pic32mx/3.4.4/../../../../pic32mx/lib\libmchp_peripheral_32MX440F128H.a(soft_reset_lib.o)
 .debug_line    0x000023e8       0x9a C:/Program Files (x86)/Microchip/MPLAB C32 Suite/bin/../lib/gcc/pic32mx/3.4.4/../../../../pic32mx/lib\libmchp_peripheral_32MX440F128H.a(pcache.o)